MM3393

 Preferred load address is 0040000

 Start         Length     Name                   C
 0001:00001000 001AF000H .text                   C
 0002:00000308 00011CF8H .rdata                  DA
 0003:00000000 000F4000H .data                   DA
 0004:00000000 00001000H .rsrc                   DA

  Address         Publics by Value              Rva+Base

 0001:00000000       __setargv                  00401000
 0001:00000010       ?ProgressRect@@YAXHHHHI@Z  00401010
 0001:000000F0       ?ProgressCB@@YAXPBDH@Z     004010F0
 0001:000001E0       ?Main@@YAHXZ               004011E0
 0001:00000690       ?InitDirectDraw@@YAXXZ     00401690
 0001:000006D0       ?MainPhase@@YAX_NH@Z       004016D0
 0001:00000A00       ?GameLoop@@YAX_N@Z         00401A00
 0001:00000AA0       ?BeginPhase@@YAX_N@Z       00401AA0
 0001:00000DD0       ?GetLoadScreenName@@YAXPBD@Z 00401DD0
 0001:00000E70       ?InitAudioManager@@YAX_N@Z 00401E70
 0001:00000FC0       ?EndPhase@@YAXXZ           00401FC0
 0001:000010C0       ?KillAudioManager@@YAXXZ   004020C0
 0001:000010F0       ?RestoreFocus@@YAXXZ       004020F0
 0001:00001180       ?CreateGameMutex@@YAXPBD@Z 00402180
 0001:000011D0       ?CheckGlobalMemory@@YAXXZ  004021D0
 0001:00001250       ?CheckDiskSpace@@YAXXZ     00402250
 0001:000012B0       ?ExceptMain@@YAHXZ         004022B0
 0001:00001340       ?ArchInit@@YAXHPAPAD@Z     00402340
 0001:00001350       ?ageProcessEvents@@YAXXZ   00402350
 0001:00001360       _main                      00402360
 0001:000015D0       nullsub_267                004025D0
 0001:000015E0       nullsub_268                004025E0
 0001:000015F0       nullsub_269                004025F0
 0001:00001600       ??_H@YGXPAXIHP6EX0@Z@Z     00402600
 0001:00001630       ?ageDebug@@YAXHPBDZZ       00402630
 0001:00001640       ImmDestroyContext          00402640
 0001:00001646       ImmAssociateContext        00402646
 0001:0000164C       ImmGetContext              0040264C
 0001:00001652       GetSystemDefaultLangID     00402652
 0001:00001658       WaitForSingleObject        00402658
 0001:0000165E       CreateMutexA               0040265E
 0001:00001664       GlobalMemoryStatus         00402664
 0001:0000166A       GetDiskFreeSpaceA          0040266A
 0001:00001670       OutputDebugStringA         00402670
 0001:00001676       GetProcAddress             00402676
 0001:0000167C       LoadLibraryA               0040267C
 0001:00001682       MessageBoxA                00402682
 0001:00001688       EnumDisplaySettingsA       00402688
 0001:0000168E       SetFocus                   0040268E
 0001:00001694       ChangeDisplaySettingsA     00402694
 0001:0000169A       ShellExecuteA              0040269A
 0001:000016A0       ?FirstRunEula@@YA_NXZ      004026A0
 0001:00001780       ?ebolaPlayMovie@@YAXPAD@Z  00402780
 0001:000019E0       ??0mmGameManager@@QAE@XZ   004029E0
 0001:00001E30       ?Reset@mmGameManager@@UAEXXZ 00402E30
 0001:00001E40       ??1mmGameManager@@UAE@XZ   00402E40
 0001:00001FA0       ?BeDone@mmGameManager@@QAEXXZ 00402FA0
 0001:00001FB0       ?ForcePopupUI@mmGameManager@@QAEXXZ 00402FB0
 0001:00001FE0       ?ForceReplayUI@mmGameManager@@QAEXXZ 00402FE0
 0001:00002000       ?Update@mmGameManager@@UAEXXZ 00403000
 0001:000021D0       ?Cull@mmGameManager@@UAEXXZ 004031D0
 0001:00002300       ??_GmmGameManager@@UAEPAXI@Z 00403300
 0001:00002330       ?FileIO@asNode@@UAEXAAVdatParser@@@Z 00403330
 0001:00002340       ?AfterLoad@asNode@@UAEXXZ  00403340
 0001:00002350       ?BeforeSave@asNode@@UAEXXZ 00403350
 0001:00002360       ?GetClassNameA@asNode@@UAEPADXZ 00403360
 0001:00002370       ??_EphSleep@@QAEPAXI@Z     00403370
 0001:000023D0       ??0mmPlayer@@QAE@XZ        004033D0
 0001:00002800       ??1mmPlayer@@UAE@XZ        00403800
 0001:00002990       ?BeforeSave@mmPlayer@@UAEXXZ 00403990
 0001:000029A0       ?AfterLoad@mmPlayer@@UAEXXZ 004039A0
 0001:000029B0       ?ReInit@mmPlayer@@QAEXPAD@Z 004039B0
 0001:00002B20       ?Init@mmPlayer@@QAEXPAD0PAVmmGame@@@Z 00403B20
 0001:000030B0       ?InitSpeechAudio@mmPlayer@@AAEXPAD@Z 004040B0
 0001:00003200       ?SetGameCallback@mmPlayer@@QAEXVdatCallback@@@Z 00404200
 0001:00003220       ?ImpactCallback@mmPlayer@@QAEXPAX0@Z 00404220
 0001:00003250       ?SetPreRaceCam@mmPlayer@@QAEXXZ 00404250
 0001:00003350       ?SetPostRaceCam@mmPlayer@@QAEXXZ 00404350
 0001:00003460       ?SetMPPostCam@mmPlayer@@QAEXPAVMatrix34@@M@Z 00404460
 0001:00003550       ?IsPOV@mmPlayer@@QAEHXZ    00404550
 0001:00003580       ?SetWideFOV@mmPlayer@@QAEXH@Z 00404580
 0001:000036B0       ?GetNextCycleCamIndex@mmPlayer@@IAEHXZ 004046B0
 0001:000036D0       ?GetNextCycleXCamIndex@mmPlayer@@IAEHXZ 004046D0
 0001:000036F0       ?GetCurrentGameCamIndex@mmPlayer@@IAEHXZ 004046F0
 0001:00003700       ?GetCurrentXCamIndex@mmPlayer@@IAEHXZ 00404700
 0001:00003710       ?SetCamera@mmPlayer@@IAEXHH@Z 00404710
 0001:00003890       ?GetCamera@mmPlayer@@IAEXAAH0@Z 00404890
 0001:000038E0       ?GetCurrentCameraPtr@mmPlayer@@AAEPAVcamCarCS@@XZ 004048E0
 0001:00003920       ?UpdateHOG@mmPlayer@@QAEXXZ 00404920
 0001:00003A60       ?Reset@mmPlayer@@UAEXXZ    00404A60
 0001:00003BE0       ?ResetFF@mmPlayer@@QAEXXZ  00404BE0
 0001:00003C50       ?SetSteering@mmPlayer@@QAEXM@Z 00404C50
 0001:00003C70       ?playerFilterSteering@@YAMM@Z 00404C70
 0001:00003C90       ?FilterSteering@mmPlayer@@QAEMM@Z 00404C90
 0001:00004340       ?UpdateFF@mmPlayer@@QAEXXZ 00405340
 0001:00004760       ?Update@mmPlayer@@UAEXXZ   00405760
 0001:000050D0       ?SetCamInterest@mmPlayer@@QAEXPAVphInertialCS@@@Z 004060D0
 0001:00005140       ?IsMaxDamaged@mmPlayer@@QAEHXZ 00406140
 0001:00005160       ?EnableRegen@mmPlayer@@QAEXH@Z 00406160
 0001:00005180       ?ResetDamage@mmPlayer@@QAEXXZ 00406180
 0001:000051A0       ?UpdateRegen@mmPlayer@@QAEXXZ 004061A0
 0001:00005240       ?FFImpactCallback@mmPlayer@@QAEXM@Z 00406240
 0001:00005320       ?FileIO@mmPlayer@@UAEXAAVdatParser@@@Z 00406320
 0001:000057D0       ??_GmmPlayer@@UAEPAXI@Z    004067D0
 0001:00005800       ??1camPolarCS@@UAE@XZ      00406800
 0001:00005810       ??1camAICS@@UAE@XZ         00406810
 0001:00005820       ??1camPointCS@@UAE@XZ      00406820
 0001:00005830       ??1camPreCS@@UAE@XZ        00406830
 0001:00005840       ??1camPostCS@@UAE@XZ       00406840
 0001:00005850       ?AddValue@datParser@@QAEXPBDPAMPAVdatCallback@@@Z 00406850
 0001:00005870       ??0mmReplayManager@@QAE@XZ 00406870
 0001:00005920       LogRandomCall              00406920
 0001:00005930       ??1mmReplayManager@@UAE@XZ 00406930
 0001:00005990       ?Reset@mmReplayManager@@UAEXXZ 00406990
 0001:000059E0       ?Update@mmReplayManager@@UAEXXZ 004069E0
 0001:00005DF0       ?Cull@mmReplayManager@@UAEXXZ 00406DF0
 0001:00005E00       ?ProcessCam@mmReplayManager@@AAEXXZ 00406E00
 0001:00005E80       ?StartReplay@mmReplayManager@@AAEXXZ 00406E80
 0001:00005EF0       ?SetReplayDesc@mmReplayManager@@QAEXPAD@Z 00406EF0
 0001:00005F30       ?LoadReplayDesc@mmReplayManager@@QAEHPAD@Z 00406F30
 0001:00006000       ?LoadReplay@mmReplayManager@@QAEXPAD@Z 00407000
 0001:00006130       ?EndOfReplay@mmReplayManager@@QAE_NXZ 00407130
 0001:00006150       ?SaveReplayDesc@mmReplayManager@@QAEXPAD@Z 00407150
 0001:000061E0       ?SaveReplay@mmReplayManager@@QAEXPAD@Z 004071E0
 0001:000062D0       ?GetBrakes@mmReplayManager@@QAEMXZ 004072D0
 0001:00006300       ?GetHandBrakes@mmReplayManager@@QAEMXZ 00407300
 0001:00006330       ?GetSteering@mmReplayManager@@QAEMXZ 00407330
 0001:00006360       ?GetThrottle@mmReplayManager@@QAEMXZ 00407360
 0001:00006390       ?GetData@mmReplayManager@@QAEXPAHPA_N@Z 00407390
 0001:000063D0       ?SetData@mmReplayManager@@QAEXH_N@Z 004073D0
 0001:00006410       ?GetReplayInfo@mmReplayManager@@AAEXXZ 00407410
 0001:000065A0       ?SetReplayInfo@mmReplayManager@@AAEXXZ 004075A0
 0001:00006720       ?WriteReplayInfo@mmReplayManager@@AAEXPAVStream@@@Z 00407720
 0001:00006920       ?ReadReplayInfo@mmReplayManager@@AAEXPAVStream@@@Z 00407920
 0001:00006B10       ??_GmmReplayManager@@UAEPAXI@Z 00407B10
 0001:00006B40       ?GetClassName@asNode@@UAEPADXZ 00407B40
 0001:00006B50       ?IsStock@@YAHPAD@Z         00407B50
 0001:00006B80       ?GetHostCars@@YAXAAVstring@@@Z 00407B80
 0001:00006C80       ??0mmInterface@@QAE@XZ     00407C80
 0001:00008030       ?InitPlayerInfo@mmInterface@@QAEXXZ 00409030
 0001:000084C0       ??1mmInterface@@UAE@XZ     004094C0
 0001:000085E0       ?MessageCallback@mmInterface@@QAEXPAX0@Z 004095E0
 0001:00008D30       ?MessageCallback2@mmInterface@@QAEXPAX0@Z 00409D30
 0001:00009130       ?Reset@mmInterface@@UAEXXZ 0040A130
 0001:00009140       ?ShowMain@mmInterface@@QAEXH@Z 0040A140
 0001:000094D0       ?GetReplayDescCB@mmInterface@@AAEXXZ 0040A4D0
 0001:00009590       ?ShowLockedVehicleMessage@mmInterface@@QAEXXZ 0040A590
 0001:000095B0       ?BeDone@mmInterface@@QAEXXZ 0040A5B0
 0001:000096C0       ?Update@mmInterface@@UAEXXZ 0040A6C0
 0001:0000B060       mmInterface_IsAutodialEnabled 0040C060
 0001:0000B0E0       ?NetJoinCB@mmInterface@@AAEXXZ 0040C0E0
 0001:0000B140       ?NetNameCB@mmInterface@@AAEXXZ 0040C140
 0001:0000B170       ?JoinGame@mmInterface@@AAEXXZ 0040C170
 0001:0000B1B0       ?JoinLobbyGame@mmInterface@@AAEXXZ 0040C1B0
 0001:0000B1D0       ?JoinLAN@mmInterface@@AAEXXZ 0040C1D0
 0001:0000B260       ?JoinSerial@mmInterface@@AAEHXZ 0040C260
 0001:0000B320       ?JoinModem@mmInterface@@AAEHXZ 0040C320
 0001:0000B430       ?UpdateLobby@mmInterface@@QAEXXZ 0040C430
 0001:0000BF90       ?Switch@mmInterface@@QAEXHH@Z 0040CF90
 0001:0000C460       ?LobbySwitch@mmInterface@@QAEXHH@Z 0040D460
 0001:0000C7E0       ?GetUnlockedCar@mmInterface@@AAEXXZ 0040D7E0
 0001:0000C830       ?GetUnlockedColor@mmInterface@@AAEXXZ 0040D830
 0001:0000C840       ?RequestProverb@mmInterface@@AAEXXZ 0040D840
 0001:0000C990       ?LimitToHostCars@mmInterface@@AAEXVstring@@@Z 0040D990
 0001:0000CAE0       ?PlayerRemoveCB@mmInterface@@AAEXXZ 0040DAE0
 0001:0000CB10       ?PlayerRemove@mmInterface@@AAEXPAD@Z 0040DB10
 0001:0000CD00       ?PlayerCreateCB@mmInterface@@AAEXXZ 0040DD00
 0001:0000CD50       ?PlayerCreate@mmInterface@@AAEHPAD@Z 0040DD50
 0001:0000CF30       ?PlayerLoadCB@mmInterface@@AAEXXZ 0040DF30
 0001:0000CF60       ?PlayerGraphicsCB@mmInterface@@AAEXXZ 0040DF60
 0001:0000CFE0       ?PlayerLoad@mmInterface@@AAEXPAD@Z 0040DFE0
 0001:0000D120       ?PlayerSwitchCityCB@mmInterface@@AAEXXZ 0040E120
 0001:0000D150       ?PlayerSetState@mmInterface@@AAEXXZ 0040E150
 0001:0000D380       ?CitySetupCB@mmInterface@@AAEXXZ 0040E380
 0001:0000D580       ?GetTimeString@mmInterface@@AAEXMPAD@Z 0040E580
 0001:0000D5E0       ?GetScoreString@mmInterface@@AAEXHPAD@Z 0040E5E0
 0001:0000D620       ?GetRaceString@mmInterface@@AAEXHPAD@Z 0040E620
 0001:0000D680       ?GetRaceName@mmInterface@@AAEPADW4dgGameMode@@HPAD@Z 0040E680
 0001:0000D820       ?HOFInitRecords@mmInterface@@AAEXHPAD@ 0040E820
 0001:0000D8F0       ?HOFCB@mmInterface@@AAEXXZ 0040E8F0
 0001:0000D920       ?HOFFillRecords@mmInterface@@AAEXPAD@Z 0040E920
 0001:0000E3B0       ?PlayerInitStats@mmInterface@@AAEXPAD@Z 0040F3B0
 0001:0000E460       ?PlayerFillStats@mmInterface@@AAEXXZ 0040F460
 0001:0000E620       ?PlayerFillRecords@mmInterface@@AAEXPAD@Z 0040F620
 0001:0000EAD0       ?PlayerFillCrashRecords@mmInterface@@AAEXPAD@Z 0040FAD0
 0001:0000EBA0       ?PlayerResolveScore@mmInterface@@AAEXXZ 0040FBA0
 0001:0000EE20       ?PlayerResolveCars@mmInterface@@AAEXXZ 0040FE20
 0001:0000EE80       ?PlayerReadState@mmInterface@@AAEXXZ 0040FE80
 0001:0000EEA0       ?RefreshDriverList@mmInterface@@AAEXXZ 0040FEA0
 0001:0000EF50       ?SetStateRace@mmInterface@@AAEXH@Z 0040FF50
 0001:0000EF60       ?SetStateDefaults@mmInterface@@AAEXXZ 0040FF60
 0001:0000EF80       ?InitNetwork@mmInterface@@AAEXXZ 0040FF80
 0001:0000F090       ?InitLobby@mmInterface@@QAEXXZ 00410090
 0001:0000F1B0       ?InitProtocols@mmInterface@@AAEXXZ 004101B0
 0001:0000F1D0       ?ShowSessions@mmInterface@@AAEXXZ 004101D0
 0001:0000F3A0       ?ClearSessions@mmInterface@@AAEXXZ 004103A0
 0001:0000F3C0       ?RefreshSessions@mmInterface@@AAEXXZ 004103C0
 0001:0000F3F0       ?JoinSession@mmInterface@@AAEHH@Z 004103F0
 0001:0000F5D0       ?JoinPasswordSession@mmInterface@@AAEHH@Z 004105D0
 0001:0000F750       ?MultiAllReady@mmInterface@@AAE_NXZ 00410750
 0001:0000F7B0       ?MultiStartGame@mmInterface@@AAEXXZ 004107B0
 0001:0000F8B0       ?MultiFillRoster@mmInterface@@AAEXXZ 004108B0
 0001:0000F930       ?SetHostProtocol@mmInterface@@AAEXXZ 00410930
 0001:0000F9D0       ?SetProtocol@mmInterface@@AAEXXZ 004109D0
 0001:0000FA90       ?SetProtocol2@mmInterface@@AAEHXZ 00410A90
 0001:0000FAE0       ?CreatePlayer@mmInterface@@AAEHH@Z 00410AE0
 0001:0000FD60       ?GetHostPlayerData@mmInterface@@AAEHAAUmmPlayerInfo@@@Z 00410D60
 0001:0000FDB0       ?GetUniquePlayerName@mmInterface@@AAEXXZ 00410DB0
 0001:0000FE90       ?ChangePlayerData@mmInterface@@AAEXH@Z 00410E90
 0001:00010160       ?RefreshPlayers@mmInterface@@AAEXXZ 00411160
 0001:00010420       ?GetSessionData@mmInterface@@AAEXUNETSESSION_DESC@@@Z 00411420
 0001:00010670       ?CreateSession@mmInterface@@AAEHXZ 00411670
 0001:000107F0       ?SetSessionData@mmInterface@@AAEXPAUNETSESSION_DESC@@@Z 004117F0
 0001:000109A0       ?SetCRStateData@mmInterface@@AAEXXZ 004119A0
 0001:00010A10       ?LobbyCreate@mmInterface@@AAEHXZ 00411A10
 0001:00010D80       ?SendChatMessage@mmInterface@@AAEXPAX@Z 00411D80
 0001:00010E60       ?SendMsg@mmInterface@@AAEXHH@Z 00411E60
 0001:00010E80       ?SendStartMsg@mmInterface@@AAEXXZ 00411E80
 0001:00010EF0       ?BootPlayerCB@mmInterface@@AAEXPAX0@Z 00411EF0
 0001:00010F20       ?SendBootMsg@mmInterface@@AAEXK@Z 00411F20
 0001:00010F40       ?SendReadyStatus@mmInterface@@AAEXXZ 00411F40
 0001:00010F70       ?SendReadyReq@mmInterface@@AAEXXZ 00411F70
 0001:00010F90       ?SendHostCars@mmInterface@@AAEXK@Z 00411F90
 0001:00011010       ?SetupArchiveTest@mmInterface@@QAEXAAH@Z 00412010
 0001:00011280       ?PlayUIMusic@mmInterface@@AAEXXZ 00412280
 0001:00011340       ?RefreshMe@mmInterface@@AAEXXZ 00412340
 0001:000114D0       ??_EmmInterface@@UAEPAXI@Z 004124D0
 0001:00011500       ?Init@string@@QAEXH@Z      00412500
 0001:00011550       ??0mmGame@@QAE@XZ          00412550
 0001:00011710       ?Init@mmGame@@UAEHXZ       00412710
 0001:00012210       ?InitGizmos@mmGame@@IAEXXZ 00413210
 0001:00012370       ?InitWeather@mmGame@@IAEXXZ 00413370
 0001:000123F0       ?InitOtherPlayers@mmGame@@UAEXXZ 004133F0
 0001:00012520       ?CollideAIOpponents@mmGame@@QAEXXZ 00413520
 0001:00012650       ?InitGameStrings@mmGame@@UAEXXZ 00413650
 0001:00012940       ??1mmGame@@UAE@XZ          00413940
 0001:00012B70       ?RespawnXYZ@mmGame@@IAEXAAVVector3@@AAM_N22@Z 00413B70
 0001:00012D30       ?IsPopupEnabled@mmGame@@QAEHXZ 00413D30
 0001:00012D40       ?Reset@mmGame@@UAEXXZ      00413D40
 0001:00012DF0       ?StartMusic@mmGame@@QAEXXZ 00413DF0
 0001:00012E90       ?Update@mmGame@@UAEXXZ     00413E90
 0001:000131F0       ?UpdateDMusic@mmGame@@QAEXXZ 004141F0
 0001:00013280       ?DropThruCityHandler@mmGame@@UAEXXZ 00414280
 0001:00013290       ?HitWaterHandler@mmGame@@UAEXXZ 00414290
 0001:000132A0       ?UpdateDebugInput@mmGame@@QAE_NXZ 004142A0
 0001:000134A0       ?UpdatePaused@mmGame@@UAEXXZ 004144A0
 0001:000135B0       ?UpdateHorn@mmGame@@QAEX_N@Z 004145B0
 0001:00013660       ?UpdateGameInput@mmGame@@QAEXXZ 00414660
 0001:00013A00       ?UpdateSteeringBrakes@mmGame@@QAEXXZ 00414A00
 0001:00013BB0       ?SetIconsState@mmGame@@QAEXXZ 00414BB0
 0001:00013BD0       ?PlayerSetState@mmGame@@QAEXXZ 00414BD0
 0001:00013D30       ?BeDone@mmGame@@UAEXH@Z    00414D30
 0001:00013E00       ?CalculateRaceScore@mmGame@@IAEHHH@Z 00414E00
 0001:00013E50       ?SendChatMessage@mmGame@@UAEXPAD@Z 00414E50
 0001:00013EC0       ?FarClipCB@mmGame@@QAEXXZ  00414EC0
 0001:00013EF0       ?SetLevelGraphics@mmGame@@QAEXXZ 00414EF0
 0001:00013F70       ?CycleCam@mmGame@@QAEXXZ   00414F70
 0001:00013F80       ?NetHost@mmGame@@QAEHXZ    00414F80
 0001:00013FA0       ?FindGroundPos@mmGame@@QAEXAAVVector3@@0@Z 00414FA0
 0001:000141F0       ??_GmmGame@@UAEPAXI@Z      004151F0
 0001:00014220       ??0phIntersectionPoint@@QAE@XZ 00415220
 0001:00014230       ??0phIntersection@@QAE@XZ  00415230
 0001:00014240       ?init_gizmo_mgr@@YAPAVgizSailboatMgr@@PAVmmGame@@PBD1@Z 00415240
 0001:00014400       ?init_gizmo_mgr@@YAPAVgizBridgeMgr@@PAVmmGame@@PBD1@Z 00415400
 0001:000145C0       ?init_gizmo_mgr@@YAPAVgizTrainMgr@@PAVmmGame@@PBD1@Z 004155C0
 0001:00014780       ?init_gizmo_mgr@@YAPAVgizFerryMgr@@PAVmmGame@@PBD1@Z 00415780
 0001:00014940       ?init_gizmo_mgr@@YAPAVgizParkedCarMgr@@PAVmmGame@@PBD1@Z 00415940
 0001:00014B00       ??0mmSingleStunt@@QAE@XZ   00415B00
 0001:00014BC0       ??1mmSingleStunt@@UAE@XZ   00415BC0
 0001:00014C40       ?Init@mmSingleStunt@@UAEHXZ 00415C40
 0001:00014D40       ?InitMyPlayer@mmSingleStunt@@UAEXXZ 00415D40
 0001:00014DB0       ?InitHUD@mmSingleStunt@@UAEXXZ 00415DB0
 0001:00015070       ?LoadEventFile@mmSingleStunt@@AAE_NPAD@Z 00416070
 0001:00015310       ?InitNewEvent@mmSingleStunt@@QAEXXZ 00416310
 0001:00015450       ?InitGameObjects@mmSingleStunt@@UAEXXZ 00416450
 0001:00015720       ?InitOtherPlayers@mmSingleStunt@@UAEXXZ 00416720
 0001:00015760       ?Reset@mmSingleStunt@@UAEXXZ 00416760
 0001:00015820       ?EnableRacers@mmSingleStunt@@QAEXXZ 00416820
 0001:00015900       ?GetOpponentIndex@mmSingleStunt@@AAEHXZ 00416900
 0001:00015920       ?HitWaterHandler@mmSingleStunt@@UAEXXZ 00416920
 0001:00015970       ?Update@mmSingleStunt@@UAEXXZ 00416970
 0001:00015980       ?UpdateGameInput@mmSingleStunt@@UAEXH@Z 00416980
 0001:00015990       ?UpdateGame@mmSingleStunt@@UAEXXZ 00416990
 0001:00015A50       ?UpdateEvade@mmSingleStunt@@AAEXXZ 00416A50
 0001:00016030       ?UpdateAccel@mmSingleStunt@@AAEXXZ 00417030
 0001:000164C0       ?UpdateJump@mmSingleStunt@@AAEXXZ 004174C0
 0001:00016B10       ?UpdateChase@mmSingleStunt@@AAEXXZ 00417B10
 0001:000170F0       ?UpdateFrogger@mmSingleStunt@@AAEXXZ 004180F0
 0001:000177A0       ?UpdateCorner@mmSingleStunt@@AAEXXZ 004187A0
 0001:00018010       ?UpdateBlitz@mmSingleStunt@@AAEXXZ 00419010
 0001:000185F0       ?UpdateStop@mmSingleStunt@@AAEXXZ 004195F0
 0001:00018C90       ?UpdateCollide@mmSingleStunt@@AAEXXZ 00419C90
 0001:00019130       ?CheckTimeUp@mmSingleStunt@@AAE_NXZ 0041A130
 0001:000191B0       ?CheckCopPursuit@mmSingleStunt@@AAE_NXZ 0041A1B0
 0001:00019310       ?HUDMessage@mmSingleStunt@@AAEXH@Z 0041A310
 0001:00019340       ?EventSoundCtrl@mmSingleStunt@@QAEX_NH@Z 0041A340
 0001:00019390       ?PlayTimerWarning@mmSingleStunt@@AAEXM@Z 0041A390
 0001:00019460       ?SwitchState@mmSingleStunt@@UAEXH@Z 0041A460
 0001:00019470       ?NextRaceAvailable@mmSingleStunt@@AAE_NXZ 0041A470
 0001:00019490       ?NextRace@mmSingleStunt@@UAEXXZ 0041A490
 0001:000196F0       ?RegisterFinish@mmSingleStunt@@QAEHH@Z 0041A6F0
 0001:00019A40       ??_EmmSingleStunt@@UAEPAXI@Z 0041AA40
 0001:00019A70       ??0mmPlayerRecord@@QAE@ABV0@@Z 0041AA70
 0001:00019AF0       ??_GBase@@UAEPAXI@Z        0041AAF0
 0001:00019B20       ??_GmmPlayerRecord@@UAEPAXI@Z 0041AB20
 0001:00019B50       ?FileIO@mmInfoBase@@UAEXAAVdatParser@@@Z 0041AB50
 0001:00019B60       ??_GmmInfoBase@@UAEPAXI@Z  0041AB60
 0001:00019B90       ??1mmInfoBase@@UAE@XZ      0041AB90
 0001:00019BA0       ?GetWaypoints@mmGameSingle@@UAEPAVmmWaypoints@@XZ 0041ABA0
 0001:00019BC0       ??0mmCCData@@QAE@XZ        0041ABC0
 0001:00019BE0       ??1mmCCData@@QAE@XZ        0041ABE0
 0001:00019BF0       ?UpdateDebugKeyInput@mmSingleStunt@@UAEXH@Z 0041ABF0
 0001:00019C00       ??0mmSingleBlitz@@QAE@XZ   0041AC00
 0001:00019C70       ??1mmSingleBlitz@@UAE@XZ   0041AC70
 0001:00019D30       ?Init@mmSingleBlitz@@UAEHXZ 0041AD30
 0001:00019E50       ?InitMyPlayer@mmSingleBlitz@@UAEXXZ 0041AE50
 0001:00019EC0       ?InitHUD@mmSingleBlitz@@UAEXXZ 0041AEC0
 0001:0001A0D0       ?InitGameObjects@mmSingleBlitz@@UAEXXZ 0041B0D0
 0001:0001A360       ?InitOtherPlayers@mmSingleBlitz@@UAEXXZ 0041B360
 0001:0001A370       ?Reset@mmSingleBlitz@@UAEXXZ 0041B370
 0001:0001A400       ?HitWaterHandler@mmSingleBlitz@@UAEXXZ 0041B400
 0001:0001A460       ?Update@mmSingleBlitz@@UAEXXZ 0041B460
 0001:0001A590       ?UpdateGameInput@mmSingleBlitz@@UAEXH@Z 0041B590
 0001:0001A5D0       ?UpdateGame@mmSingleBlitz@@UAEXXZ 0041B5D0
 0001:0001ADB0       ?SwitchState@mmSingleBlitz@@UAEXH@Z 0041BDB0
 0001:0001ADC0       ?RegisterFinish@mmSingleBlitz@@AAEHXZ 0041BDC0
 0001:0001AFA0       ?FinishMessage@mmSingleBlitz@@AAEXH@Z 0041BFA0
 0001:0001AFD0       ?ProgressCheck@mmSingleBlitz@@AAEHHH@Z 0041BFD0
 0001:0001B080       ?NextRace@mmSingleBlitz@@UAEXXZ 0041C080
 0001:0001B260       ?PlayTimerWarning@mmSingleBlitz@@QAEXM@Z 0041C260
 0001:0001B450       ??_GmmSingleBlitz@@UAEPAXI@Z 0041C450
 0001:0001B480       ?UpdateDebugKeyInput@mmSingleBlitz@@UAEXH@Z 0041C480
 0001:0001B490       ?GetWaypoints@mmSingleBlitz@@UAEPAVmmWaypoints@@XZ 0041C490
 0001:0001B4A0       ??0mmSingleCircuit@@QAE@XZ 0041C4A0
 0001:0001B4E0       ??1mmSingleCircuit@@UAE@XZ 0041C4E0
 0001:0001B590       ?Init@mmSingleCircuit@@UAEHXZ 0041C590
 0001:0001B6B0       ?InitMyPlayer@mmSingleCircuit@@UAEXXZ 0041C6B0
 0001:0001B720       ?InitHUD@mmSingleCircuit@@UAEXXZ 0041C720
 0001:0001B770       ?InitGameObjects@mmSingleCircuit@@UAEXXZ 0041C770
 0001:0001BA40       ?InitOtherPlayers@mmSingleCircuit@@UAEXXZ 0041CA40
 0001:0001BA50       ?Reset@mmSingleCircuit@@UAEXXZ 0041CA50
 0001:0001BAA0       ?HitWaterHandler@mmSingleCircuit@@UAEXXZ 0041CAA0
 0001:0001BB80       ?Update@mmSingleCircuit@@UAEXXZ 0041CB80
 0001:0001BB90       ?UpdateGameInput@mmSingleCircuit@@UAEXH@Z 0041CB90
 0001:0001BBA0       ?UpdateScore@mmSingleCircuit@@QAEXXZ 0041CBA0
 0001:0001BEE0       ?UpdateGame@mmSingleCircuit@@UAEXXZ 0041CEE0
 0001:0001C480       ?UpdateOpponentStatus@mmSingleCircuit@@QAEXXZ 0041D480
 0001:0001C690       ?SwitchState@mmSingleCircuit@@UAEXH@Z 0041D690
 0001:0001C6A0       ?FinishMessage@mmSingleCircuit@@AAEXHH@Z 0041D6A0
 0001:0001C840       ?RegisterLap@mmSingleCircuit@@AAEHXZ 0041D840
 0001:0001C8A0       ?RegisterFinish@mmSingleCircuit@@AAEHXZ 0041D8A0
 0001:0001CB80       ?ProgressCheck@mmSingleCircuit@@AAEHHH@Z 0041DB80
 0001:0001CBC0       ?NextRace@mmSingleCircuit@@UAEXXZ 0041DBC0
 0001:0001CEE0       ??_EmmSingleCircuit@@UAEPAXI@Z 0041DEE0
 0001:0001CF10       ?UpdateDebugKeyInput@mmSingleCircuit@@UAEXH@Z 0041DF10
 0001:0001CF20       ?GetWaypoints@mmSingleCircuit@@UAEPAVmmWaypoints@@XZ 0041DF20
 0001:0001CF30       ??0mmSingleRace@@QAE@XZ    0041DF30
 0001:0001CF60       ??1mmSingleRace@@UAE@XZ    0041DF60
 0001:0001D010       ?Init@mmSingleRace@@UAEHXZ 0041E010
 0001:0001D130       ?InitMyPlayer@mmSingleRace@@UAEXXZ 0041E130
 0001:0001D1A0       ?InitHUD@mmSingleRace@@UAEXXZ 0041E1A0
 0001:0001D200       ?InitGameObjects@mmSingleRace@@UAEXXZ 0041E200
 0001:0001D4E0       ?InitOtherPlayers@mmSingleRace@@UAEXXZ 0041E4E0
 0001:0001D4F0       ?Reset@mmSingleRace@@UAEXXZ 0041E4F0
 0001:0001D530       ?HitWaterHandler@mmSingleRace@@UAEXXZ 0041E530
 0001:0001D5A0       ?Update@mmSingleRace@@UAEXXZ 0041E5A0
 0001:0001D5B0       ?UpdateGameInput@mmSingleRace@@UAEXH@Z 0041E5B0
 0001:0001D5F0       ?UpdateGame@mmSingleRace@@UAEXXZ 0041E5F0
 0001:0001DBA0       ?UpdateOpponentStatus@mmSingleRace@@QAEXXZ 0041EBA0
 0001:0001DDB0       ?SwitchState@mmSingleRace@@UAEXH@Z 0041EDB0
 0001:0001DDC0       ?UpdateScore@mmSingleRace@@QAEXXZ 0041EDC0
 0001:0001E100       ?NextRaceAvailable@mmSingleRace@@AAEHXZ 0041F100
 0001:0001E170       ?FinishMessage@mmSingleRace@@AAEXHH@Z 0041F170
 0001:0001E310       ?RegisterFinish@mmSingleRace@@AAEHXZ 0041F310
 0001:0001E590       ?ProgressCheck@mmSingleRace@@AAEHHH@Z 0041F590
 0001:0001E600       ?NextRace@mmSingleRace@@UAEXXZ 0041F600
 0001:0001E940       ??_GmmSingleRace@@UAEPAXI@Z 0041F940
 0001:0001E970       ?UpdateDebugKeyInput@mmSingleRace@@UAEXH@Z 0041F970
 0001:0001E980       ?GetWaypoints@mmSingleRace@@UAEPAVmmWaypoints@@XZ 0041F980
 0001:0001E990       ??0mmSingleRoam@@QAE@XZ    0041F990
 0001:0001E9C0       ??1mmSingleRoam@@UAE@XZ    0041F9C0
 0001:0001EA30       ?Init@mmSingleRoam@@UAEHXZ 0041FA30
 0001:0001EAA0       ?InitMyPlayer@mmSingleRoam@@UAEXXZ 0041FAA0
 0001:0001EB10       ?InitHUD@mmSingleRoam@@UAEXXZ 0041FB10
 0001:0001EB40       ?InitGameObjects@mmSingleRoam@@UAEXXZ 0041FB40
 0001:0001EC40       ?InitOtherPlayers@mmSingleRoam@@UAEXXZ 0041FC40
 0001:0001EC90       ?Reset@mmSingleRoam@@UAEXXZ 0041FC90
 0001:0001ECD0       ?HitWaterHandler@mmSingleRoam@@UAEXXZ 0041FCD0
 0001:0001ECE0       ?Update@mmSingleRoam@@UAEXXZ 0041FCE0
 0001:0001ECF0       ?UpdateGameInput@mmSingleRoam@@UAEXH@Z 0041FCF0
 0001:0001ED00       ?UpdateGame@mmSingleRoam@@UAEXXZ 0041FD00
 0001:0001ED90       ?SwitchState@mmSingleRoam@@UAEXH@Z 0041FD90
 0001:0001EDA0       ?NextRace@mmSingleRoam@@UAEXXZ 0041FDA0
 0001:0001EEE0       ??_GmmSingleRoam@@UAEPAXI@Z 0041FEE0
 0001:0001EF20       ?UpdateDebugKeyInput@mmSingleRoam@@UAEXH@Z 0041FF20
 0001:0001EF30       ??0mmMultiBlitz@@QAE@XZ    0041FF30
 0001:0001EF60       ??1mmMultiBlitz@@UAE@XZ    0041FF60
 0001:0001F000       ?Init@mmMultiBlitz@@UAEHXZ 00420000
 0001:0001F130       ?InitMyPlayer@mmMultiBlitz@@UAEXXZ 00420130
 0001:0001F1A0       ?InitHUD@mmMultiBlitz@@UAEXXZ 004201A0
 0001:0001F220       ?InitGameObjects@mmMultiBlitz@@UAEXXZ 00420220
 0001:0001F4B0       ?InitNetworkPlayers@mmMultiBlitz@@UAEXXZ 004204B0
 0001:0001F880       ?Reset@mmMultiBlitz@@UAEXXZ 00420880
 0001:0001F940       ?UpdateGameInput@mmMultiBlitz@@UAEXH@Z 00420940
 0001:0001F980       ?UpdateGame@mmMultiBlitz@@UAEXXZ 00420980
 0001:00020250       ?SwitchState@mmMultiBlitz@@UAEXH@Z 00421250
 0001:00020260       ?SystemMessage@mmMultiBlitz@@UAEXPAUNETSYS_MSG@@@Z 00421260
 0001:00020370       ?GameMessage@mmMultiBlitz@@UAEXPAUNET_RCXHEAD@@@Z 00421370
 0001:00020930       ?PlayTimerWarning@mmMultiBlitz@@QAEXM@Z 00421930
 0001:00020B40       ??_GmmMultiBlitz@@UAEPAXI@Z 00421B40
 0001:00020B70       ?NextRace@mmGameMulti@@UAEXXZ 00421B70
 0001:00020B80       ?GetWaypoints@mmMultiBlitz@@UAEPAVmmWaypoints@@XZ 00421B80
 0001:00020B90       ??0mmMultiCircuit@@QAE@XZ  00421B90
 0001:00020BC0       ??1mmMultiCircuit@@UAE@XZ  00421BC0
 0001:00020C60       ?Init@mmMultiCircuit@@UAEHXZ 00421C60
 0001:00020DD0       ?InitMyPlayer@mmMultiCircuit@@UAEXXZ 00421DD0
 0001:00020E40       ?InitHUD@mmMultiCircuit@@UAEXXZ 00421E40
 0001:00020E90       ?InitGameObjects@mmMultiCircuit@@UAEXXZ 00421E90
 0001:000210A0       ?InitNetworkPlayers@mmMultiCircuit@@UAEXXZ 004220A0
 0001:00021470       ?Reset@mmMultiCircuit@@UAEXXZ 00422470
 0001:00021530       ?UpdateGameInput@mmMultiCircuit@@UAEXH@Z 00422530
 0001:00021570       ?UpdateGame@mmMultiCircuit@@UAEXXZ 00422570
 0001:00021D90       ?SwitchState@mmMultiCircuit@@UAEXH@Z 00422D90
 0001:00021DA0       ?UpdateDebugKeyInput@mmMultiCircuit@@UAEXH@Z 00422DA0
 0001:00021DB0       ?SystemMessage@mmMultiCircuit@@UAEXPAUNETSYS_MSG@@@Z 00422DB0
 0001:00021EC0       ?GameMessage@mmMultiCircuit@@UAEXPAUNET_RCXHEAD@@@Z 00422EC0
 0001:000226A0       ?GetWaypoints@mmMultiCircuit@@UAEPAVmmWaypoints@@XZ 004236A0
 0001:000226E0       ??0mmMultiCR@@QAE@XZ       004236E0
 0001:000227C0       ??1mmMultiCR@@UAE@XZ       004237C0
 0001:00022870       ?Init@mmMultiCR@@UAEHXZ    00423870
 0001:000229F0       ?InitMyPlayer@mmMultiCR@@UAEXXZ 004239F0
 0001:00022B00       ?InitHUD@mmMultiCR@@UAEXXZ 00423B00
 0001:00022C80       ?InitGameObjects@mmMultiCR@@UAEXXZ 00423C80
 0001:00023090       ?InitNetworkPlayers@mmMultiCR@@UAEXXZ 00424090
 0001:00023440       ?Reset@mmMultiCR@@UAEXXZ   00424440
 0001:00023640       ?LoadSets@mmMultiCR@@QAEHPAD@Z 00424640
 0001:00023880       ?LoadCSV@mmMultiCR@@QAEHPAD@Z 00424880
 0001:00023900       ?ImpactCallback@mmMultiCR@@QAEXPAX0@Z 00424900
 0001:00023A00       ?FondleCarMass@mmMultiCR@@QAEXPAVvehCar@@M@Z 00424A00
 0001:00023AD0       ?GetNewSet@mmMultiCR@@AAEXXZ 00424AD0
 0001:00023BF0       ?GetRandomPoints@mmMultiCR@@AAEXAAVVector3@@00@Z 00424BF0
 0001:00023E20       ?GetRandomIndex@mmMultiCR@@AAEHXZ 00424E20
 0001:00023E40       ?ResetPositions@mmMultiCR@@QAEXH@Z 00424E40
 0001:00023F70       ?SelectTeams@mmMultiCR@@AAEHXZ 00424F70
 0001:00023F80       ?UpdateGameInput@mmMultiCR@@UAEXH@Z 00424F80
 0001:00023F90       ?UpdateGame@mmMultiCR@@UAEXXZ 00424F90
 0001:00024390       ?SwitchState@mmMultiCR@@UAEXH@Z 00425390
 0001:000243A0       ?HitWaterHandler@mmMultiCR@@UAEXXZ 004253A0
 0001:00024460       ?DropThruCityHandler@mmMultiCR@@UAEXXZ 00425460
 0001:00024520       ?StealGold@mmMultiCR@@AAEXPAVvehCar@@@Z 00425520
 0001:00024560       ?OppStealGold@mmMultiCR@@AAEXH@Z 00425560
 0001:000245D0       ?FindGround@mmMultiCR@@AAEXVVector3@@AAV2@@Z 004255D0
 0001:000246A0       ?DropGold@mmMultiCR@@AAEXVVector3@@HH@Z 004256A0
 0001:00024830       ?UpdateGold@mmMultiCR@@AAEXXZ 00425830
 0001:00024A50       ?UpdateHideout@mmMultiCR@@AAEXXZ 00425A50
 0001:00024BA0       ?UpdateBank@mmMultiCR@@AAEXXZ 00425BA0
 0001:00024CF0       ?UpdateLimit@mmMultiCR@@AAEXXZ 00425CF0
 0001:00024EE0       ?FillResults@mmMultiCR@@AAEXXZ 00425EE0
 0001:000251B0       ?SystemMessage@mmMultiCR@@UAEXPAUNETSYS_MSG@@@Z 004261B0
 0001:00025340       ?GameMessage@mmMultiCR@@UAEXPAUNET_RCXHEAD@@@Z 00426340
 0001:00025D10       ?UpdateTimeWarning@mmMultiCR@@AAEXXZ 00426D10
 0001:00025E80       ?DisplayTimeWarning@mmMultiCR@@AAEXH@Z 00426E80
 0001:00025F10       ?SendGameState@mmMultiCR@@AAEXK@Z 00426F10
 0001:00025FF0       ?SendSetup@mmMultiCR@@AAEXK@Z 00426FF0
 0001:00026000       ?SendGoldDrop@mmMultiCR@@AAEXVVector3@@@Z 00427000
 0001:00026040       ?SendGoldAck@mmMultiCR@@AAEXK@Z 00427040
 0001:00026080       ?SendGoldDeliver@mmMultiCR@@AAEXXZ 00427080
 0001:000260A0       ?SendChangeSet@mmMultiCR@@AAEXH@Z 004270A0
 0001:00026120       ?SendLimitReached@mmMultiCR@@AAEXH@Z 00427120
 0001:00026150       ?SendTimeWarning@mmMultiCR@@AAEXH@Z 00427150
 0001:00026180       ?UpdateHUD@mmMultiCR@@AAEXXZ 00427180
 0001:000262A0       ?Score@mmMultiCR@@AAEXH@Z  004272A0
 0001:000262D0       ?UpdateDebugKeyInput@mmMultiCR@@UAEXH@Z 004272D0
 0001:000262E0       ?CycleInterest@mmMultiCR@@AAEXH@Z 004272E0
 0001:00026340       ?SendLobbyResults@mmMultiCR@@QAEXKHH@Z 00427340
 0001:000264E0       ??_GmmMultiCR@@UAEPAXI@Z   004274E0
 0001:00026510       ?GetWaypoints@mmMultiCR@@UAEPAVmmWaypoints@@XZ 00427510
 0001:00026520       ??1netScoreInfo@@QAE@XZ    00427520
 0001:00026530       ??0mmMultiRoam@@QAE@XZ     00427530
 0001:00026560       ??1mmMultiRoam@@UAE@XZ     00427560
 0001:00026600       ?Init@mmMultiRoam@@UAEHXZ  00427600
 0001:00026700       ?InitMyPlayer@mmMultiRoam@@UAEXXZ 00427700
 0001:00026770       ?InitHUD@mmMultiRoam@@UAEXXZ 00427770
 0001:000267A0       ?InitGameObjects@mmMultiRoam@@UAEXXZ 004277A0
 0001:00026880       ?InitNetworkPlayers@mmMultiRoam@@UAEXXZ 00427880
 0001:00026C50       ?Reset@mmMultiRoam@@UAEXXZ 00427C50
 0001:00026CC0       ?UpdateGameInput@mmMultiRoam@@UAEXH@Z 00427CC0
 0001:00026CD0       ?UpdateGame@mmMultiRoam@@UAEXXZ 00427CD0
 0001:00026EB0       ?SwitchState@mmMultiRoam@@UAEXH@Z 00427EB0
 0001:00026EC0       ?SystemMessage@mmMultiRoam@@UAEXPAUNETSYS_MSG@@@Z 00427EC0
 0001:00027050       ?GameMessage@mmMultiRoam@@UAEXPAUNET_RCXHEAD@@@Z 00428050
 0001:00027220       ??_GmmMultiRoam@@UAEPAXI@Z 00428220
 0001:00027250       ?GetWaypoints@mmMultiRoam@@UAEPAVmmWaypoints@@XZ 00428250
 0001:00027260       ??0mmMultiRace@@QAE@XZ     00428260
 0001:000272A0       ??1mmMultiRace@@UAE@XZ     004282A0
 0001:00027340       ?Init@mmMultiRace@@UAEHXZ  00428340
 0001:00027430       ?InitMyPlayer@mmMultiRace@@UAEXXZ 00428430
 0001:000274A0       ?InitHUD@mmMultiRace@@UAEXXZ 004284A0
 0001:000274F0       ?InitGameObjects@mmMultiRace@@UAEXXZ 004284F0
 0001:00027700       ?InitNetworkPlayers@mmMultiRace@@UAEXXZ 00428700
 0001:00027AD0       ?Reset@mmMultiRace@@UAEXXZ 00428AD0
 0001:00027BA0       ?UpdateGameInput@mmMultiRace@@UAEXH@Z 00428BA0
 0001:00027BE0       ?UpdateGame@mmMultiRace@@UAEXXZ 00428BE0
 0001:00028440       ?SwitchState@mmMultiRace@@UAEXH@Z 00429440
 0001:00028450       ?SystemMessage@mmMultiRace@@UAEXPAUNETSYS_MSG@@@Z 00429450
 0001:00028560       ?GameMessage@mmMultiRace@@UAEXPAUNET_RCXHEAD@@@Z 00429560
 0001:00028BE0       ?SetTimeoutOn@mmMultiRace@@QAEXXZ 00429BE0
 0001:00028C10       ?SetTimeoutOff@mmMultiRace@@QAEXXZ 00429C10
 0001:00028D50       ??_GmmMultiRace@@UAEPAXI@Z 00429D50
 0001:00028D80       ?GetWaypoints@mmMultiRace@@UAEPAVmmWaypoints@@XZ 00429D80
 0001:00028D90       ??0mmPopup@@QAE@PAVmmGame@@MMMM@Z 00429D90
 0001:00029270       ??1mmPopup@@UAE@XZ         0042A270
 0001:00029280       ?IsEnabled@mmPopup@@QAEHXZ 0042A280
 0001:00029290       ?DisablePU@mmPopup@@QAEXH@Z 0042A290
 0001:00029320       ?ProcessEscape@mmPopup@@QAEXH@Z 0042A320
 0001:00029400       ?ProcessChat@mmPopup@@QAEXXZ 0042A400
 0001:000294B0       ?ProcessKeymap@mmPopup@@QAEXH@Z 0042A4B0
 0001:000295E0       ?ShowResults@mmPopup@@QAEXH@Z 0042A5E0
 0001:000296D0       ?ShowRoster@mmPopup@@QAEXXZ 0042A6D0
 0001:00029760       ?ShowReplay@mmPopup@@QAEXXZ 0042A760
 0001:000297A0       ?ForceRoster@mmPopup@@QAEXXZ 0042A7A0
 0001:00029830       ?Update@mmPopup@@UAEXXZ    0042A830
 0001:0002A430       ?Reset@mmPopup@@UAEXXZ     0042B430
 0001:0002A450       ?GetComment@mmPopup@@QAEPADXZ 0042B450
 0001:0002A460       ?SetComment@mmPopup@@QAEXPAD@Z 0042B460
 0001:0002A480       ?SaveReplay@mmPopup@@QAEXXZ 0042B480
 0001:0002A4F0       ?Lock@mmPopup@@QAEXXZ      0042B4F0
 0001:0002A500       ?Unlock@mmPopup@@QAEXXZ    0042B500
 0001:0002A510       ?ChatCB@mmPopup@@QAEXXZ    0042B510
 0001:0002A570       ?PlayPauseMusic@mmPopup@@QAEXXZ 0042B570
 0001:0002A5B0       ?PlayReturnMusic@mmPopup@@QAEXXZ 0042B5B0
 0001:0002A720       ??_GmmPopup@@UAEPAXI@Z     0042B720
 0001:0002A750       ??0mmMirror@@QAE@XZ        0042B750
 0001:0002A7A0       ??1mmMirror@@UAE@XZ        0042B7A0
 0001:0002A7C0       ?Init@mmMirror@@QAEXXZ     0042B7C0
 0001:0002A840       ?Reset@mmMirror@@UAEXXZ    0042B840
 0001:0002A8B0       ?Update@mmMirror@@UAEXXZ   0042B8B0
 0001:0002A8C0       ?Cull@mmMirror@@UAEXXZ     0042B8C0
 0001:0002A9E0       ?FileIO@mmMirror@@UAEXAAVdatParser@@@Z 0042B9E0
 0001:0002AAB0       ??0vehCar@@QAE@H@Z         0042BAB0
 0001:0002ACC0       ??1vehCar@@UAE@XZ          0042BCC0
 0001:0002AE10       ?Init@vehCar@@QAEXPBDHH_N@Z 0042BE10
 0001:0002B1D0       ?SetColliderID@vehCar@@QAEXH@Z 0042C1D0
 0001:0002B1E0       ?SetAudio@vehCar@@QAEXPAVvehCarAudioContainer@@@Z 0042C1E0
 0001:0002B1F0       ?InitAudio@vehCar@@QAEXPBDH@Z 0042C1F0
 0001:0002B290       ?SetInput@vehCar@@QAEXPAVvehInput@@@Z 0042C290
 0001:0002B2A0       ?GetInput@vehCar@@QAEPAVvehInput@@XZ 0042C2A0
 0001:0002B2B0       ?SetDriver@vehCar@@QAEXPAVvehDriver@@@Z 0042C2B0
 0001:0002B2C0       ?SetDrivable@vehCar@@QAEXHH@Z 0042C2C0
 0001:0002B330       ?Reset@vehCar@@QAEXXZ      0042C330
 0001:0002B450       ?ClearDamage@vehCar@@QAEXXZ 0042C450
 0001:0002B480       ?PreUpdate@vehCar@@UAEXXZ  0042C480
 0001:0002B570       ?UpdateTrack@vehCar@@AAEXAAVlvlTrackManager@@ABVvehWheel@@@Z 0042C570
 0001:0002B5E0       ?DrawTracks@vehCar@@QAEXXZ 0042C5E0
 0001:0002B690       ?Update@vehCar@@UAEXXZ     0042C690
 0001:0002B890       ?IsPlayer@vehCar@@QAEHXZ   0042C890
 0001:0002B8B0       ?PostUpdate@vehCar@@UAEXXZ 0042C8B0
 0001:0002BA70       ?GetICS@vehCar@@UAEPAVphInertialCS@@XZ 0042CA70
 0001:0002BA80       ?GetInst@vehCar@@UAEPAVlvlInstance@@XZ 0042CA80
 0001:0002BA90       ?RequiresTerrainCollision@vehCar@@UAE_NXZ 0042CA90
 0001:0002BBA0       ??_GmmMirror@@UAEPAXI@Z    0042CBA0
 0001:0002BBD0       ?GetClassName@mmMirror@@UAEPADXZ 0042CBD0
 0001:0002BBE0       ?PreUpdate@dgPhysEntity@@UAEXXZ 0042CBE0
 0001:0002BBF0       ?GetCollider@dgPhysEntity@@UAEPAVphCollider@@XZ 0042CBF0
 0001:0002BC00       ?DetachMe@dgPhysEntity@@UAEXXZ 0042CC00
 0001:0002BC10       ?RequiresTerrainCollision@dgPhysEntity@@UAE_NXZ 0042CC10
 0001:0002BC20       ?FirstImpactCallback@dgPhysEntity@@UAEXXZ 0042CC20
 0001:0002BC30       ??_GvehCar@@UAEPAXI@Z      0042CC30
 0001:0002BC60       ??1dgPhysEntity@@UAE@XZ    0042CC60
 0001:0002BC70       ??_GdgPhysEntity@@UAEPAXI@Z 0042CC70
 0001:0002BCA0       ?GetInstance@lvlMaterialMgr@@SAAAV1@XZ 0042CCA0
 0001:0002BD50       ??0mmHUD@@QAE@XZ           0042CD50
 0001:0002C280       ?PostChatMessage@mmHUD@@QAEXPAD@Z 0042D280
 0001:0002C2E0       ?ResChange@mmHUD@@UAEXHH@Z 0042D2E0
 0001:0002C3C0       ??1mmHUD@@UAE@XZ           0042D3C0
 0001:0002C560       ?StartTimers@mmHUD@@QAEXXZ 0042D560
 0001:0002C580       ?StopTimers@mmHUD@@QAEXXZ  0042D580
 0001:0002C5A0       ?ResetTimers@mmHUD@@QAEXXZ 0042D5A0
 0001:0002C5E0       ?Init@mmHUD@@QAEXPADPAVmmPlayer@@H@Z 0042D5E0
 0001:0002C910       ?Enable@mmHUD@@QAEXXZ      0042D910
 0001:0002C970       ?Disable@mmHUD@@QAEXH@Z    0042D970
 0001:0002C9D0       ?Toggle@mmHUD@@QAEXXZ      0042D9D0
 0001:0002C9F0       ?ToggleExternalView@mmHUD@@QAEXXZ 0042D9F0
 0001:0002CA90       ?SetDash@mmHUD@@QAEXH@Z    0042DA90
 0001:0002CAB0       ?ActivateDash@mmHUD@@QAEXXZ 0042DAB0
 0001:0002CAE0       ?DeactivateDash@mmHUD@@QAEXXZ 0042DAE0
 0001:0002CB10       ?IsDashActive@mmHUD@@QAEHXZ 0042DB10
 0001:0002CB20       ?Reset@mmHUD@@UAEXXZ       0042DB20
 0001:0002CB60       ?SetTransparency@mmHUD@@QAEX_N@Z 0042DB60
 0001:0002CB70       ?PostUpdate@mmHUD@@QAEXXZ  0042DB70
 0001:0002CBC0       ?Update@mmHUD@@UAEXXZ      0042DBC0
 0001:0002CF10       ?UpdatePaused@mmHUD@@UAEXXZ 0042DF10
 0001:0002CF40       ?Cull@mmHUD@@UAEXXZ        0042DF40
 0001:0002D040       ?ShowSplitTime@mmHUD@@QAEXXZ 0042E040
 0001:0002D0A0       ?SetStandings@mmHUD@@QAEXHH@Z 0042E0A0
 0001:0002D0E0       ?PostLapTime@mmHUD@@QAEX_N@Z 0042E0E0
 0001:0002D140       ?SetLapTime@mmHUD@@QAEXHH_N@Z 0042E140
 0001:0002D1D0       ?SetWPCleared@mmHUD@@QAEXHH@Z 0042E1D0
 0001:0002D1F0       ?SetMessage@mmHUD@@QAEXPAULocString@@MH@Z 0042E1F0
 0001:0002D240       ?SetMessage2@mmHUD@@QAEXPAULocString@@@Z 0042E240
 0001:0002D270       ?SetScore@mmHUD@@QAEXPAD@Z 0042E270
 0001:0002D290       ?AddPlayer@mmHUD@@QAEXPBDKHH@Z 0042E290
 0001:0002D2C0       ?SetScore@mmHUD@@QAEXKH@Z  0042E2C0
 0001:0002D2E0       ?RemovePlayer@mmHUD@@QAEXK@Z 0042E2E0
 0001:0002D300       ?ActivateGold@mmHUD@@QAEXXZ 0042E300
 0001:0002D310       ?DeactivateGold@mmHUD@@QAEXXZ 0042E310
 0001:0002D320       ?GetTime@mmHUD@@QAEXPADM@Z 0042E320
 0001:0002D340       ?PlayNetAlert@mmHUD@@QAEXXZ 0042E340
 0001:0002D360       ?TogglePositionDisplay@mmHUD@@QAEXH@Z 0042E360
 0001:0002D3C0       ?GetPosHdg@mmHUD@@QAEXAAVVector4@@@Z 0042E3C0
 0001:0002D420       ??0mmTimer@@QAE@XZ         0042E420
 0001:0002D480       ??1mmTimer@@UAE@XZ         0042E480
 0001:0002D490       ?Init@mmTimer@@QAEXHMH@Z   0042E490
 0001:0002D4C0       ?GetTime@mmTimer@@QAEMXZ   0042E4C0
 0001:0002D4D0       ?Update@mmTimer@@UAEXXZ    0042E4D0
 0001:0002D5F0       ?Reset@mmTimer@@UAEXXZ     0042E5F0
 0001:0002D610       ?Start@mmTimer@@QAEXXZ     0042E610
 0001:0002D630       ?Stop@mmTimer@@QAEXXZ      0042E630
 0001:0002D640       ?StartStop@mmTimer@@QAEXXZ 0042E640
 0001:0002D650       ??0mmArrow@@QAE@XZ         0042E650
 0001:0002D710       ??1mmArrow@@UAE@XZ         0042E710
 0001:0002D770       ?Init@mmArrow@@QAEXPAVMatrix34@@@Z 0042E770
 0001:0002D780       ?Reset@mmArrow@@UAEXXZ     0042E780
 0001:0002D790       ?SetInterest@mmArrow@@QAEXPAVVector3@@@Z 0042E790
 0001:0002D7A0       ?ReColorArrow@mmArrow@@AAEXH@Z 0042E7A0
 0001:0002D7F0       ?Update@mmArrow@@UAEXXZ    0042E7F0
 0001:0002DA50       ??_GmmHUD@@UAEPAXI@Z       0042EA50
 0001:0002DA80       ??1mmExternalView@@UAE@XZ  0042EA80
 0001:0002DAE0       ??_GmmTimer@@UAEPAXI@Z     0042EAE0
 0001:0002DB10       ??_GmmArrow@@UAEPAXI@Z     0042EB10
 0001:0002DB40       ?Scale@Vector3@@QAEXM@Z    0042EB40
 0001:0002DB60       ??0mmHudMap@@QAE@XZ        0042EB60
 0001:0002DC70       ??1mmHudMap@@UAE@XZ        0042EC70
 0001:0002DC80       ?Init@mmHudMap@@QAEXPAVMatrix34@@PAVmmGame@@PAD@Z 0042EC80
 0001:0002DE90       ?Reset@mmHudMap@@UAEXXZ    0042EE90
 0001:0002DEA0       ?RegisterOpponents@mmHudMap@@QAEXPAUOppIconInfo@@H@Z 0042EEA0
 0001:0002DEC0       ?RegisterCopsnRobbers@mmHudMap@@QAEXPAPAVVector3@@@Z 0042EEC0
 0001:0002DEE0       ?Activate@mmHudMap@@QAEXXZ 0042EEE0
 0001:0002DEF0       ?Deactivate@mmHudMap@@QAEXXZ 0042EEF0
 0001:0002DF00       ?GetNextMapMode@mmHudMap@@IAEHXZ 0042EF00
 0001:0002DF20       ?GetCurrentMapMode@mmHudMap@@IAEHXZ 0042EF20
 0001:0002DF30       ?SetMapMode@mmHudMap@@IAEXH@Z 0042EF30
 0001:0002E1A0       ?Update@mmHudMap@@UAEXXZ   0042F1A0
 0001:0002E1B0       ?Cull@mmHudMap@@UAEXXZ     0042F1B0
 0001:0002E580       ?DrawIcon@mmHudMap@@AAEXW4IconType@1@ABVMatrix34@@@Z 0042F580
 0001:0002E600       ?DrawColoredTri@@YAXIABVMatrix34@@@Z 0042F600
 0001:0002E690       ?DrawPlayer@mmHudMap@@AAEXXZ 0042F690
 0001:0002E6F0       ?DrawIndicator@mmHudMap@@AAEXW4IndicatorType@1@ABVVector3@@@Z 0042F6F0
 0001:0002E7D0       ?DrawOpponents@mmHudMap@@AAEXXZ 0042F7D0
 0001:0002E830       ?DrawCops@mmHudMap@@AAEXXZ 0042F830
 0001:0002E890       ?DrawWaypoints@mmHudMap@@AAEXXZ 0042F890
 0001:0002E9A0       ?DrawCopsnRobbers@mmHudMap@@AAEXXZ 0042F9A0
 0001:0002EA00       ?ToggleMapRes@mmHudMap@@QAEXXZ 0042FA00
 0001:0002EA10       ?ToggleMapOrient@mmHudMap@@QAEXXZ 0042FA10
 0001:0002EA20       ?SetZoomIn@mmHudMap@@QAEX_N@Z 0042FA20
 0001:0002EA30       ?GetZoomIn@mmHudMap@@QAE_NXZ 0042FA30
 0001:0002EA40       ?SetOrient@mmHudMap@@QAEX_N@Z 0042FA40
 0001:0002EA50       ?GetOrient@mmHudMap@@QAE_NXZ 0042FA50
 0001:0002EA60       ?FileIO@mmHudMap@@UAEXAAVdatParser@@@Z 0042FA60
 0001:0002ECC0       ??_GmmHudMap@@UAEPAXI@Z    0042FCC0
 0001:0002ECF0       ?Convert@@YAAAVMatrix44@@AAV1@ABVMatrix34@@@Z 0042FCF0
 0001:0002ED60       ?GetClassName@mmHudMap@@UAEPADXZ 0042FD60
 0001:0002ED70       ??0mmCarRoadFF@@QAE@XZ     0042FD70
 0001:0002EDB0       ??1mmCarRoadFF@@UAE@XZ     0042FDB0
 0001:0002EE10       ?AssignProperties@mmCarRoadFF@@QAEXMH@Z 0042FE10
 0001:0002EE20       ?SetFGVals@mmCarRoadFF@@QAEXMMM@Z 0042FE20
 0001:0002EF10       ?Start@mmCarRoadFF@@QAEXXZ 0042FF10
 0001:0002EF30       ?Stop@mmCarRoadFF@@QAEXXZ  0042FF30
 0001:0002EF40       ?Reset@mmCarRoadFF@@UAEXXZ 0042FF40
 0001:0002EF70       ?IsPlaying@mmCarRoadFF@@QAEHXZ 0042FF70
 0001:0002EF80       ?Update@mmCarRoadFF@@UAEXXZ 0042FF80
 0001:0002EFD0       ?UpdateVals@mmCarRoadFF@@QAEXXZ 0042FFD0
 0001:0002F020       ??_GmmCarRoadFF@@UAEPAXI@Z 00430020
 0001:0002F050       ??0mmRainAudio@@QAE@XZ     00430050
 0001:0002F220       ??1mmRainAudio@@QAE@XZ     00430220
 0001:0002F260       ?SetInterior@mmRainAudio@@QAEXE@Z 00430260
 0001:0002F2F0       ?ShelterOn@mmRainAudio@@QAEXXZ 004302F0
 0001:0002F350       ?ShelterOff@mmRainAudio@@QAEXXZ 00430350
 0001:0002F3C0       ?Update@mmRainAudio@@QAEXXZ 004303C0
 0001:0002F610       ??0mmDashView@@QAE@XZ      00430610
 0001:0002F7B0       ??1mmDashView@@UAE@XZ      004307B0
 0001:0002F890       ?Init@mmDashView@@QAEXPADPAVmmPlayer@@@Z 00430890
 0001:0002FA90       ?LoadPkg@mmDashView@@AAEXPAD@Z 00430A90
 0001:0002FC30       ?LoadPivotInfo@mmDashView@@AAEXPAD@Z 00430C30
 0001:0002FD90       ?Reset@mmDashView@@UAEXXZ  00430D90
 0001:0002FDA0       ?BeforeSave@mmDashView@@UAEXXZ 00430DA0
 0001:0002FE00       ?AfterLoad@mmDashView@@UAEXXZ 00430E00
 0001:0002FE60       ?ActivateUntilTransitionIsOver@mmDashView@@QAEXXZ 00430E60
 0001:0002FE80       ?Activate@mmDashView@@QAEXXZ 00430E80
 0001:0002FEA0       ?Deactivate@mmDashView@@QAEXXZ 00430EA0
 0001:0002FEC0       ?TempDeactivate@mmDashView@@QAEXXZ 00430EC0
 0001:0002FED0       ?Update@mmDashView@@UAEXXZ 00430ED0
 0001:0002FFB0       ?Cull@mmDashView@@UAEXXZ   00430FB0
 0001:000305D0       ?FileIO@mmDashView@@EAEXAAVdatParser@@@Z 004315D0
 0001:000307B0       ??0mmExternalView@@QAE@XZ  004317B0
 0001:00030840       ?Init@mmExternalView@@QAEXPAVmmPlayer@@@Z 00431840
 0001:00030880       ?ResChange@mmExternalView@@UAEXHH@Z 00431880
 0001:000309D0       ?Reset@mmExternalView@@UAEXXZ 004319D0
 0001:000309E0       ?Update@mmExternalView@@UAEXXZ 004319E0
 0001:000309F0       ?Cull@mmExternalView@@UAEXXZ 004319F0
 0001:00030B50       ??_GmmDashView@@UAEPAXI@Z  00431B50
 0001:00030B80       ??1asLinearCS@@UAE@XZ      00431B80
 0001:00030B90       ??1RadialGauge@@UAE@XZ     00431B90
 0001:00030BE0       ??_GmmExternalView@@UAEPAXI@Z 00431BE0
 0001:00030C10       ??1mmSlidingGauge@@QAE@XZ  00431C10
 0001:00030C20       ?GetClassNameA@mmExternalView@@UAEPADXZ 00431C20
 0001:00030C30       ?GetClassNameA@mmDashView@@UAEPADXZ 00431C30
 0001:00030C40       ??0mmViewMgr@@QAE@XZ       00431C40
 0001:00030C60       ??1mmViewMgr@@UAE@XZ       00431C60
 0001:00030C80       ?Init@mmViewMgr@@QAEXPAVmmHUD@@PAVmmHudMap@@PAVmmPlayer@@@Z 00431C80
 0001:00030D10       ?SetViewSetting@mmViewMgr@@QAEXH@Z 00431D10
 0001:00031100       ?Update@mmViewMgr@@UAEXXZ  00432100
 0001:00031110       ??_GmmViewMgr@@UAEPAXI@Z   00432110
 0001:00031140       ??0mmIcons@@QAE@XZ         00432140
 0001:00031210       ??1mmIcons@@UAE@XZ         00432210
 0001:00031290       ?Init@mmIcons@@QAEXPAVMatrix34@@MMH@Z 00432290
 0001:000312F0       ?RegisterOpponents@mmIcons@@QAEXPAUOppIconInfo@@HPAX@Z 004322F0
 0001:00031390       ?Update@mmIcons@@UAEXXZ    00432390
 0001:000313D0       ?Cull@mmIcons@@UAEXXZ      004323D0
 0001:00031C10       ??_GmmIcons@@UAEPAXI@Z     00432C10
 0001:00031C40       ??0mmAmbientAudio@@QAE@PAVmmPlayer@@@Z 00432C40
 0001:00031D00       ??1mmAmbientAudio@@QAE@XZ  00432D00
 0001:00031D10       ?Update@mmAmbientAudio@@QAEXXZ 00432D10
 0001:00031F70       ??0mmCDPlayer@@QAE@XZ      00432F70
 0001:00032000       ?Init@mmCDPlayer@@QAEXPAVmmHUD@@@Z 00433000
 0001:000320F0       ?Reset@mmCDPlayer@@UAEXXZ  004330F0
 0001:00032100       ?Update@mmCDPlayer@@UAEXXZ 00433100
 0001:00032170       ?Cull@mmCDPlayer@@UAEXXZ   00433170
 0001:00032370       ?PlayStop@mmCDPlayer@@QAEXXZ 00433370
 0001:000323F0       ?NextTrack@mmCDPlayer@@QAEXXZ 004333F0
 0001:00032460       ?PrevTrack@mmCDPlayer@@QAEXXZ 00433460
 0001:000324D0       ?Toggle@mmCDPlayer@@QAEXXZ 004334D0
 0001:00032640       ??_GmmCDPlayer@@UAEPAXI@Z  00433640
 0001:00032670       ??1mmCDPlayer@@UAE@XZ      00433670
 0001:000326D0       ?LoadMusic@mmSingleRaceMusicData@@UAE_NPAD@Z 004336D0
 0001:00032890       ?LoadMusicSegments@mmSingleRaceMusicData@@AAE_NPAVStream@@F@Z 00433890
 0001:00032A60       ??0mmGameSingle@@QAE@XZ    00433A60
 0001:00032A90       ??1mmGameSingle@@UAE@XZ    00433A90
 0001:00032AA0       ?Init@mmGameSingle@@UAEHXZ 00433AA0
 0001:00032AB0       ?InitOtherPlayers@mmGameSingle@@UAEXXZ 00433AB0
 0001:00032AC0       ?Reset@mmGameSingle@@UAEXXZ 00433AC0
 0001:00032B50       ?EnableRacers@mmGameSingle@@IAEXXZ 00433B50
 0001:00032C00       ?DisableRacers@mmGameSingle@@IAEXXZ 00433C00
 0001:00032C70       ?HitWaterHandler@mmGameSingle@@UAEXXZ 00433C70
 0001:00032C80       ?Update@mmGameSingle@@UAEXXZ 00433C80
 0001:00032C90       ?UpdateGameInput@mmGameSingle@@UAEXH@Z 00433C90
 0001:00032CA0       ?UpdateGame@mmGameSingle@@UAEXXZ 00433CA0
 0001:00032CB0       ?UpdateRewards@mmGameSingle@@IAE_NXZ 00433CB0
 0001:00032EF0       ??_GmmGameSingle@@UAEPAXI@Z 00433EF0
 0001:00032F20       ?UpdateDebugKeyInput@mmGameSingle@@UAEXH@Z 00433F20
 0001:00032F30       ??1mmRewardRecord@@QAE@XZ  00433F30
 0001:00032F40       ?Load@mmGameMusicData@@QAE_NPAD0@Z 00433F40
 0001:00032FB0       ?GetNumDMusicChoiceGroups@mmGameMusicData@@QAEFPAVStream@@@Z 00433FB0
 0001:00033000       ?RandomizeNumber@mmGameMusicData@@QAEFF@Z 00434000
 0001:00033060       ?LoadAmbientSFX@mmGameMusicData@@AAE_NPAD@Z 00434060
 0001:00033190       ?LoadAmbientSFXSegments@mmGameMusicData@@AAE_NPAVStream@@F@Z 00434190
 0001:00033250       ?LoadMusic@mmGameMusicData@@UAE_NPAD@Z 00434250
 0001:00033260       ??0mmWaypoints@@QAE@XZ     00434260
 0001:00033370       ??1mmWaypoints@@UAE@XZ     00434370
 0001:00033430       ?Init@mmWaypoints@@QAEHPAVmmPlayer@@PADHHHHI@Z 00434430
 0001:00033540       ?InitStatic@mmWaypoints@@QAEXPAVmmPlayer@@HI@Z 00434540
 0001:00033700       ?ReInit@mmWaypoints@@QAEXHPADI@Z 00434700
 0001:00033960       ?GetStartAngle@mmWaypoints@@QAEMXZ 00434960
 0001:00033980       ?SaveCSV@mmWaypoints@@QAEHPAD@Z 00434980
 0001:00033A70       ?LoadCSV@mmWaypoints@@QAEHPADH@Z 00434A70
 0001:00034240       ?Cull@mmWaypoints@@UAEXXZ  00435240
 0001:00034280       ?Update@mmWaypoints@@UAEXXZ 00435280
 0001:000347D0       ?DeactivateFinish@mmWaypoints@@QAEXXZ 004357D0
 0001:000347E0       ?Reset@mmWaypoints@@UAEXXZ 004357E0
 0001:000348F0       ?GetStart@mmWaypoints@@QAEXAAVVector3@@@Z 004358F0
 0001:00034930       ?GetWaypoint@mmWaypoints@@QAEXHAAVVector3@@@Z 00435930
 0001:00034970       ?GetHeading@mmWaypoints@@QAEMH@Z 00435970
 0001:000349A0       ?GenerateHitRooms@mmWaypoints@@IAEXXZ 004359A0
 0001:00034A00       ?GetHitRoom@mmWaypoints@@QAEHH@Z 00435A00
 0001:00034A20       ?SetArrow@mmWaypoints@@QAEXXZ 00435A20
 0001:00034A50       ?GetCurrentDistance@mmWaypoints@@QAEMXZ 00435A50
 0001:00034AA0       ?ResetAllTags@mmWaypoints@@QAEXXZ 00435AA0
 0001:00034B10       ?GetClosestWaypoint@mmWaypoints@@QAEXXZ 00435B10
 0001:00034BD0       ?CycleCurrentWaypoint@mmWaypoints@@IAEXH@Z 00435BD0
 0001:00034C40       ?GetNextWaypoint@mmWaypoints@@QAEXXZ 00435C40
 0001:00034C50       ?GetLastWaypoint@mmWaypoints@@QAEXXZ 00435C50
 0001:00034C60       ?SetCurrentGoals@mmWaypoints@@IAEXH@Z 00435C60
 0001:00034CA0       ?AnyDrawn@mmWaypoints@@QAEHXZ 00435CA0
 0001:00034CE0       ?AIWPHit@mmWaypoints@@QAEHHHVMatrix34@@VVector3@@M@Z 00435CE0
 0001:00034DE0       ?AnyWPHits@mmWaypoints@@QAEHH@Z 00435DE0
 0001:00034F60       ?ClearWaypoint@mmWaypoints@@IAEXH@Z 00435F60
 0001:000350C0       ?DisplayHUDMessage@mmWaypoints@@QAEXH@Z 004360C0
 0001:000353A0       ??_GmmWaypoints@@UAEPAXI@Z 004363A0
 0001:000353D0       ??0mmWPHUD@@QAE@XZ         004363D0
 0001:000354D0       ??1mmWPHUD@@UAE@XZ         004364D0
 0001:00035580       ?SetWPCleared@mmWPHUD@@QAEXXZ 00436580
 0001:000355C0       ?SetStandings@mmWPHUD@@QAEXHH@Z 004365C0
 0001:00035600       ?Init@mmWPHUD@@QAEXHPAH0H@Z 00436600
 0001:000358D0       ?Reset@mmWPHUD@@UAEXXZ     004368D0
 0001:00035920       ?Update@mmWPHUD@@UAEXXZ    00436920
 0001:00035950       ?Cull@mmWPHUD@@UAEXXZ      00436950
 0001:00035960       ??0mmCircuitHUD@@QAE@XZ    00436960
 0001:00035A60       ??1mmCircuitHUD@@UAE@XZ    00436A60
 0001:00035B50       ?Init@mmCircuitHUD@@QAEXXZ 00436B50
 0001:000360D0       ?Update@mmCircuitHUD@@UAEXXZ 004370D0
 0001:000360E0       ?SetStandings@mmCircuitHUD@@QAEXHH@Z 004370E0
 0001:00036120       ?SetLapTime@mmCircuitHUD@@QAEXHMPADH@Z 00437120
 0001:000361C0       ?SetWPCleared@mmCircuitHUD@@QAEXHH@Z 004371C0
 0001:00036200       ?Reset@mmCircuitHUD@@UAEXXZ 00437200
 0001:000362A0       ??0mmCRHUD@@QAE@XZ         004372A0
 0001:00036430       ??1mmCRHUD@@UAE@XZ         00437430
 0001:00036560       ?Init@mmCRHUD@@QAEXPAVMatrix34@@PADW4mmCRGameClass@@@Z 00437560
 0001:00036D40       ?ToggleScores@mmCRHUD@@QAEXXZ 00437D40
 0001:00036D70       ?AddPlayer@mmCRHUD@@QAEXPBDKHI@Z 00437D70
 0001:00036EC0       ?UnPackColor@mmCRHUD@@QAEXIAAVVector4@@@Z 00437EC0
 0001:00036F40       ?SetScore@mmCRHUD@@QAEXPAD@Z 00437F40
 0001:00036F60       ?SetName@mmCRHUD@@QAEXPADH@Z 00437F60
 0001:00036FE0       ?SetScore@mmCRHUD@@QAEXKH@Z 00437FE0
 0001:00037050       ?RemovePlayer@mmCRHUD@@QAEXK@Z 00438050
 0001:000371E0       ?ActivateGold@mmCRHUD@@QAEXXZ 004381E0
 0001:000371F0       ?DeactivateGold@mmCRHUD@@QAEXXZ 004381F0
 0001:00037200       ?ActivateRosterGold@mmCRHUD@@QAEXK@Z 00438200
 0001:00037240       ?DeactivateRosterGold@mmCRHUD@@QAEXXZ 00438240
 0001:00037270       ?UpdateGold@mmCRHUD@@QAEXXZ 00438270
 0001:000372E0       ?PostUpdate@mmCRHUD@@UAEXXZ 004382E0
 0001:00037300       ?Update@mmCRHUD@@UAEXXZ    00438300
 0001:00037310       ?Reset@mmCRHUD@@UAEXXZ     00438310
 0001:00037320       ?SetBlueScore@mmCRHUD@@QAEXH@Z 00438320
 0001:00037360       ?SetRedScore@mmCRHUD@@QAEXH@Z 00438360
 0001:000373A0       ??0mmCollideHUD@@QAE@XZ    004383A0
 0001:000373D0       ??1mmCollideHUD@@UAE@XZ    004383D0
 0001:00037460       ?Init@mmCollideHUD@@QAEXHPAH0H@Z 00438460
 0001:000376F0       ?Update@mmCollideHUD@@UAEXXZ 004386F0
 0001:00037700       ?Reset@mmCollideHUD@@UAEXXZ 00438700
 0001:00037720       ?SetBangerCount@mmCollideHUD@@QAEXH@Z 00438720
 0001:00037760       ?SetVehicleCount@mmCollideHUD@@QAEXH@Z 00438760
 0001:000377A0       ??_GmmWPHUD@@UAEPAXI@Z     004387A0
 0001:000377D0       ??_GmmCircuitHUD@@UAEPAXI@Z 004387D0
 0001:00037800       ??_EmmNumber@@UAEPAXI@Z    00438800
 0001:00037860       ??_EmmTextNode@@UAEPAXI@Z  00438860
 0001:000378C0       ??_GmmCRHUD@@UAEPAXI@Z     004388C0
 0001:000378F0       ??_GmmCollideHUD@@UAEPAXI@Z 004388F0
 0001:00037920       ??1mmGameHUD@@UAE@XZ       00438920
 0001:00037930       ??_GmmGameHUD@@UAEPAXI@Z   00438930
 0001:00037960       ?PostUpdate@mmWPHUD@@UAEXXZ 00438960
 0001:00037970       ?PostUpdate@mmCircuitHUD@@UAEXXZ 00438970
 0001:00037980       ?LoadMusic@mmSingleRoamMusicData@@UAE_NPAD@Z 00438980
 0001:00037B00       ?LoadMusicSegments@mmSingleRoamMusicData@@AAE_NPAVStream@@F@Z 00438B00
 0001:00037CC0       ??0mmGameMulti@@QAE@XZ     00438CC0
 0001:00037E60       ??1mmGameMulti@@UAE@XZ     00438E60
 0001:00037F40       ?Init@mmGameMulti@@UAEHXZ  00438F40
 0001:00038130       ?HitWaterHandler@mmGameMulti@@UAEXXZ 00439130
 0001:00038230       ?DropThruCityHandler@mmGameMulti@@UAEXXZ 00439230
 0001:00038240       ?InitGameStrings@mmGameMulti@@UAEXXZ 00439240
 0001:00038470       ?SetFinishCam@mmGameMulti@@QAEXXZ 00439470
 0001:000384E0       ?StartXYZ@mmGameMulti@@IAEXHAAVVector3@@0MM@Z 004394E0
 0001:00038710       ?SystemMessageCB@mmGameMulti@@QAEXPAX0@Z 00439710
 0001:00038AF0       ?GameMessageCB@mmGameMulti@@QAEXPAX0@Z 00439AF0
 0001:000393B0       ?BootStrapCars@mmGameMulti@@QAEXXZ 0043A3B0
 0001:000394D0       ?BeDone@mmGameMulti@@UAEXH@Z 0043A4D0
 0001:000395D0       ?Reset@mmGameMulti@@UAEXXZ 0043A5D0
 0001:000396E0       ?ClearNetObjects@mmGameMulti@@QAEXXZ 0043A6E0
 0001:00039720       ?InitOtherPlayers@mmGameMulti@@UAEXXZ 0043A720
 0001:00039750       ?InitRoster@mmGameMulti@@UAEXXZ 0043A750
 0001:000397F0       ?SendPosition@mmGameMulti@@QAEXXZ 0043A7F0
 0001:00039900       ?Update@mmGameMulti@@UAEXXZ 0043A900
 0001:00039980       ?UpdateGame@mmGameMulti@@UAEXXZ 0043A980
 0001:000399B0       ?UpdateScore@mmGameMulti@@QAEXXZ 0043A9B0
 0001:00039DA0       ?ClearRank@mmGameMulti@@QAEXXZ 0043ADA0
 0001:00039DC0       ?UpdateDebugKeyInput@mmGameMulti@@UAEXH@Z 0043ADC0
 0001:00039DD0       ?RegisterMapNetObjects@mmGameMulti@@QAEXH@Z 0043ADD0
 0001:00039EF0       ?DeactivateMapNetObject@mmGameMulti@@QAEXH@Z 0043AEF0
 0001:00039F20       ?ActivateMapNetObject@mmGameMulti@@QAEXH@Z 0043AF20
 0001:00039F60       ?GetInactiveNetObject@mmGameMulti@@QAEPAVmmNetObject@@XZ 0043AF60
 0001:00039F90       ?GetInactiveNetObjectIndex@mmGameMulti@@QAEHXZ 0043AF90
 0001:00039FB0       ?GetNetObject@mmGameMulti@@QAEPAVmmNetObject@@KH@Z 0043AFB0
 0001:00039FF0       ?GetNetObjectIndex@mmGameMulti@@QAEHKH@Z 0043AFF0
 0001:0003A040       ?EnableRacers@mmGameMulti@@IAEXXZ 0043B040
 0001:0003A0E0       ?DisableRacers@mmGameMulti@@IAEXXZ 0043B0E0
 0001:0003A140       ?QuitNetwork@mmGameMulti@@QAEXXZ 0043B140
 0001:0003A170       ?PlayerFinishedLoading@mmGameMulti@@QAEXXZ 0043B170
 0001:0003A1D0       ?PlayerClearLoaded@mmGameMulti@@QAEXXZ 0043B1D0
 0001:0003A220       ?ParseChatMessage@mmGameMulti@@QAEHPADH@Z 0043B220
 0001:0003A310       ?SortResults@mmGameMulti@@IAE_NKMH@Z 0043B310
 0001:0003A390       ?UpdateResults@mmGameMulti@@IAEXH@Z 0043B390
 0001:0003A4C0       ?BroadCastCarTuning@mmGameMulti@@QAEXH@Z 0043B4C0
 0001:0003A530       ?SendChatMessage@mmGameMulti@@UAEXPAD@Z 0043B530
 0001:0003A5A0       ?SendToChatMessage@mmGameMulti@@QAEXPADK@Z 0043B5A0
 0001:0003A610       ?SendTimeMsg@mmGameMulti@@QAEXK@Z 0043B610
 0001:0003A630       ?SendCarTuning@mmGameMulti@@QAEXPBDK@Z 0043B630
 0001:0003A640       ?SendHostCars@mmGameMulti@@QAEXK@Z 0043B640
 0001:0003A6C0       ?FinishMessage@mmGameMulti@@QAEXH@Z 0043B6C0
 0001:0003A780       ?BootPlayerCB@mmGameMulti@@QAEXPAX0@Z 0043B780
 0001:0003A7C0       ?UpdateNetWorkAudio@mmGameMulti@@QAEXXZ 0043B7C0
 0001:0003A7D0       ?SendLobbyResults@mmGameMulti@@QAEXHIM@Z 0043B7D0
 0001:0003A870       ?GetCarCRC@mmGameMulti@@IAEKPAD@Z 0043B870
 0001:0003A8B0       ?SendMsg@mmGameMulti@@QAEXH@Z 0043B8B0
 0001:0003A8D0       ?SendBootMsg@mmGameMulti@@QAEXK@Z 0043B8D0
 0001:0003A8F0       ?SendFinishAck@mmGameMulti@@IAEXKMH@Z 0043B8F0
 0001:0003A930       ?SendFinishReq@mmGameMulti@@IAEXMH@Z 0043B930
 0001:0003A970       ?SendRaceReady@mmGameMulti@@IAEXXZ 0043B970
 0001:0003A9B0       ?SendGameSet@mmGameMulti@@IAEXXZ 0043B9B0
 0001:0003A9E0       ?SendCheater@mmGameMulti@@IAEXK@Z 0043B9E0
 0001:0003AA20       ?SendHitWater@mmGameMulti@@IAEXXZ 0043BA20
 0001:0003AB80       ??_GmmGameMulti@@UAEPAXI@Z 0043BB80
 0001:0003ABB0       ?Dot@Vector3@@QAEXABV1@ABVMatrix34@@@Z 0043BBB0
 0001:0003AC10       ?Init@mmAccelCompute@@QAEHVVector3@@0@Z 0043BC10
 0001:0003AC60       ?SetLatest@mmAccelCompute@@QAEXVVector3@@M@Z 0043BC60
 0001:0003AD70       ??0mmNetPath@@QAE@XZ       0043BD70
 0001:0003ADB0       ??1mmNetPath@@QAE@XZ       0043BDB0
 0001:0003ADC0       ?Reset@mmNetPath@@QAEXXZ   0043BDC0
 0001:0003ADF0       ?Compute@mmNetPath@@QAEXAAVVector3@@000@Z 0043BDF0
 0001:0003AFE0       ?Solve@mmNetPath@@QAEXAAVVector3@@0M@Z 0043BFE0
 0001:0003B080       ??0mmNetObject@@QAE@XZ     0043C080
 0001:0003B240       ??1mmNetObject@@UAE@XZ     0043C240
 0001:0003B260       ?ResetValues@mmNetObject@@QAEXXZ 0043C260
 0001:0003B370       ?Clear@mmNetObject@@QAEXXZ 0043C370
 0001:0003B480       ?Activate@mmNetObject@@QAEXXZ 0043C480
 0001:0003B4B0       ?Deactivate@mmNetObject@@QAEXXZ 0043C4B0
 0001:0003B4E0       ?Init@mmNetObject@@QAEXPAVvehCar@@PADMHK1_N@Z 0043C4E0
 0001:0003B5D0       ?ReInit@mmNetObject@@QAEXPAVvehCar@@PADMHK1_N@Z 0043C5D0
 0001:0003B740       ?SetCar@mmNetObject@@QAEXPAVvehCar@@@Z 0043C740
 0001:0003B750       ?Set@mmNetObject@@QAEXH@Z  0043C750
 0001:0003B760       ?SetActive@mmNetObject@@QAEXH@Z 0043C760
 0001:0003B780       ?SetScore@mmNetObject@@QAEXH@Z 0043C780
 0001:0003B790       ?SetInputData@mmNetObject@@QAEXXZ 0043C790
 0001:0003B820       ?SetPositionData@mmNetObject@@QAEHK@Z 0043C820
 0001:0003BC90       ?InputUpdate@mmNetObject@@QAEXPAUNET_INPUTDATA@@M@Z 0043CC90
 0001:0003BD10       ?PositionUpdate@mmNetObject@@QAEXPAUNET_POSDATA@@M@Z 0043CD10
 0001:0003C700       ?GetPositionApproach@mmNetObject@@QAEMABVVector3@@0@Z 0043D700
 0001:0003C750       ?GetAngleApproach@mmNetObject@@QAEMMM@Z 0043D750
 0001:0003C760       ?Predict@mmNetObject@@QAEXXZ 0043D760
 0001:0003C850       ?Update@mmNetObject@@UAEXXZ 0043D850
 0001:0003C980       ?Cull@mmNetObject@@UAEXXZ  0043D980
 0001:0003CD00       ??_GmmNetObject@@UAEPAXI@Z 0043DD00
 0001:0003CD50       ??XVector3@@QAEXABV0@@Z    0043DD50
 0001:0003CD80       ?Set@Vector4@@QAEXMMMM@Z   0043DD80
 0001:0003CDA0       ?Dot@Vector4@@QBEMABV1@@Z  0043DDA0
 0001:0003CDE0       nullsub_224                0043DDE0
 0001:0003CDF0       ?wpmin@@YAMMM@Z            0043DDF0
 0001:0003CE10       ?wpmax@@YAMMM@Z            0043DE10
 0001:0003CE30       ??0mmWaypointObject@@QAE@AAVVector4@@PADHMHM@Z 0043DE30
 0001:0003D010       ??1mmWaypointObject@@UAE@XZ 0043E010
 0001:0003D020       ?Reset@mmWaypointObject@@UAEXXZ 0043E020
 0001:0003D060       ?Update@mmWaypointObject@@UAEXXZ 0043E060
 0001:0003D0C0       ?Activate@mmWaypointObject@@QAEXXZ 0043E0C0
 0001:0003D0D0       ?Deactivate@mmWaypointObject@@QAEXXZ 0043E0D0
 0001:0003D0E0       ?SetHeading@mmWaypointObject@@QAEXM@Z 0043E0E0
 0001:0003D140       ?SetPos@mmWaypointObject@@QAEXVVector3@@@Z 0043E140
 0001:0003D160       ?SetHeadingType@mmWaypointObject@@QAEXH@Z 0043E160
 0001:0003D170       ?SetRadius@mmWaypointObject@@QAEXM@Z 0043E170
 0001:0003D190       ?CalculateGatePoints@mmWaypointObject@@QAEXXZ 0043E190
 0001:0003D210       ?PlaneHit@mmWaypointObject@@QAEHVMatrix34@@VVector2@@1VVector3@@@Z 0043E210
 0001:0003D3B0       ?RadiusHit@mmWaypointObject@@QAEHVVector3@@@Z 0043E3B0
 0001:0003D400       ?LineIntersect@mmWaypointObject@@QAEHVVector2@@000M@Z 0043E400
 0001:0003D5E0       ?GetDrawFlag@mmWaypointObject@@QAEHXZ 0043E5E0
 0001:0003D5F0       ?Move@mmWaypointObject@@QAEXXZ 0043E5F0
 0001:0003D6C0       ?GetHitFlag@mmWaypointObject@@QAEHXZ 0043E6C0
 0001:0003D6D0       ?SetHitFlag@mmWaypointObject@@QAEXH@Z 0043E6D0
 0001:0003D6E0       ??_GmmWaypointObject@@UAEPAXI@Z 0043E6E0
 0001:0003D710       ??0RadialGauge@@QAE@XZ     0043E710
 0001:0003D7A0       ?Init@RadialGauge@@QAEXPAVmodStatic@@PAPAVmodShader@@VVector3@@PBM3M@Z 0043E7A0
 0001:0003D820       ?Update@RadialGauge@@UAEXXZ 0043E820
 0001:0003D940       ?Cull@RadialGauge@@UAEXXZ  0043E940
 0001:0003D9F0       ?Cull@RadialGauge@@QAEXPBVMatrix34@@@Z 0043E9F0
 0001:0003DD50       ?GetArrowAngle@RadialGauge@@AAEMXZ 0043ED50
 0001:0003DE40       ??0mmLinearGauge@@QAE@XZ   0043EE40
 0001:0003DE60       ??1mmLinearGauge@@QAE@XZ   0043EE60
 0001:0003DE70       ?Init@mmLinearGauge@@QAEXPADPAM1HPAVmmExternalView@@@Z 0043EE70
 0001:0003DED0       ?InitOverlay@mmLinearGauge@@QAEXPAD@Z 0043EED0
 0001:0003DEF0       ?Draw@mmLinearGauge@@QAEXXZ 0043EEF0
 0001:0003DFB0       ?Init@mmSlidingGauge@@QAEXPADPAM1HPAVmmExternalView@@H@Z 0043EFB0
 0001:0003DFE0       ?Draw@mmSlidingGauge@@QAEXXZ 0043EFE0
 0001:0003E0A0       ??0mmGearIndicator@@QAE@XZ 0043F0A0
 0001:0003E0C0       ?Init@mmGearIndicator@@QAEXPAVmmExternalView@@PAVmmPlayer@@@Z 0043F0C0
 0001:0003E1F0       ?Draw@mmGearIndicator@@QAEXXZ 0043F1F0
 0001:0003E260       ??0mmSpeedIndicator@@QAE@XZ 0043F260
 0001:0003E280       ?Init@mmSpeedIndicator@@QAEXPAVmmExternalView@@PAVvehCarSim@@@Z 0043F280
 0001:0003E330       ?Draw@mmSpeedIndicator@@QAEXXZ 0043F330
 0001:0003E450       ??_GRadialGauge@@UAEPAXI@Z 0043F450
 0001:0003E480       ?CheckSet@gfxRenderState@@AAEXAAEE@Z 0043F480
 0001:0003E4A0       ??0mmWaypointInstance@@QAE@XZ 0043F4A0
 0001:0003E510       ??1mmWaypointInstance@@QAE@XZ 0043F510
 0001:0003E520       ?GetPosition@mmWaypointInstance@@UAEABVVector3@@XZ 0043F520
 0001:0003E530       ?GetMatrix@mmWaypointInstance@@UAEABVMatrix34@@AAV2@@Z 0043F530
 0001:0003E550       ?SetMatrix@mmWaypointInstance@@UAEXABVMatrix34@@@Z 0043F550
 0001:0003E570       ?MakeVisible@mmWaypointInstance@@QAEXXZ 0043F570
 0001:0003E580       ?MakeInvisible@mmWaypointInstance@@QAEXXZ 0043F580
 0001:0003E590       ??0mmCheckpointInstance@@QAE@XZ 0043F590
 0001:0003E5F0       ??1mmCheckpointInstance@@QAE@XZ 0043F5F0
 0001:0003E600       ?Init@mmCheckpointInstance@@UAEXPADVVector3@@@Z 0043F600
 0001:0003E650       ?Draw@mmCheckpointInstance@@UAEXH@Z 0043F650
 0001:0003E7A0       ?SizeOf@mmCheckpointInstance@@UAEIXZ 0043F7A0
 0001:0003E7B0       ??0mmBillInstance@@QAE@XZ  0043F7B0
 0001:0003E810       ??1mmBillInstance@@QAE@XZ  0043F810
 0001:0003E820       ?Init@mmBillInstance@@UAEXPADVVector3@@@Z 0043F820
 0001:0003E860       ?Draw@mmBillInstance@@UAEXH@Z 0043F860
 0001:0003EA10       ?SizeOf@mmBillInstance@@UAEIXZ 0043FA10
 0001:0003EA20       ??0mmPowerupInstance@@QAE@XZ 0043FA20
 0001:0003EA80       ??1mmPowerupInstance@@QAE@XZ 0043FA80
 0001:0003EA90       ?Init@mmPowerupInstance@@UAEXPADVVector3@@@Z 0043FA90
 0001:0003EAD0       ?Draw@mmPowerupInstance@@UAEXH@Z 0043FAD0
 0001:0003EC20       ?SizeOf@mmPowerupInstance@@UAEIXZ 0043FC20
 0001:0003EC30       ?Detach@lvlInstance@@UAEXXZ 0043FC30
 0001:0003EC40       ?IsCollidable@lvlInstance@@UAE_NXZ 0043FC40
 0001:0003EC50       ?IsTerrainCollidable@lvlInstance@@UAE_NXZ 0043FC50
 0001:0003EC60       ?SetVariant@mmWaypointInstance@@UAEXH@Z 0043FC60
 0001:0003EC70       ??0dgBangerActive@@QAE@XZ  0043FC70
 0001:0003ED40       ??1dgBangerActive@@UAE@XZ  0043FD40
 0001:0003EDB0       ?GetInst@dgBangerActive@@UAEPAVlvlInstance@@XZ 0043FDB0
 0001:0003EDC0       ?Attach@dgBangerActive@@QAEXPAVdgBangerInstance@@@Z 0043FDC0
 0001:0003EFF0       ?Detach@dgBangerActive@@QAEXXZ 0043FFF0
 0001:0003F030       ?DetachMe@dgBangerActive@@UAEXXZ 00440030
 0001:0003F050       ?Update@dgBangerActive@@UAEXXZ 00440050
 0001:0003F0E0       ?PostUpdate@dgBangerActive@@UAEXXZ 004400E0
 0001:0003F170       ??0dgBangerActiveManager@@QAE@XZ 00440170
 0001:0003F220       ??1dgBangerActiveManager@@UAE@XZ 00440220
 0001:0003F290       ?GetActive@dgBangerActiveManager@@QAEPAVdgBangerActive@@PAVdgBangerInstance@@@Z 00440290
 0001:0003F2C0       ?Attach@dgBangerActiveManager@@QAEPAVdgBangerActive@@PAVdgBangerInstance@@@Z 004402C0
 0001:0003F350       ?Detach@dgBangerActiveManager@@QAEXPAVdgBangerActive@@@Z 00440350
 0001:0003F3A0       ?Update@dgBangerActiveManager@@UAEXXZ 004403A0
 0001:0003F500       ?Reset@dgBangerActiveManager@@UAEXXZ 00440500
 0001:0003F560       ??_GdgBangerActive@@UAEPAXI@Z 00440560
 0001:0003F590       ??_GdgBangerActiveManager@@UAEPAXI@Z 00440590
 0001:0003F5C0       ?GetICS@dgBangerActive@@UAEPAVphInertialCS@@XZ 004405C0
 0001:0003F5D0       ?LoadEntry@dgBangerData@@QAEHPAD@Z 004405D0
 0001:0003F600       ?GetDirName@dgBangerData@@UAEPBDXZ 00440600
 0001:0003F610       ?AdjustPrim@dgBangerData@@QAEXXZ 00440610
 0001:0003F6E0       ??0dgBangerDataManager@@QAE@XZ 004406E0
 0001:0003F860       ??1dgBangerDataManager@@UAE@XZ 00440860
 0001:0003F940       ?AddBangerDataEntry@dgBangerDataManager@@QAEHPBD0@Z 00440940
 0001:0003FA60       ?ChangeData@dgBangerDataManager@@QAEXXZ 00440A60
 0001:0003FA90       ?Load@dgBangerData@@UAE_NXZ 00440A90
 0001:0003FDB0       ?Save@dgBangerData@@UAE_NXZ 00440DB0
 0001:00040170       ?AdjustBound@dgBangerData@@QAEXXZ 00441170
 0001:000401C0       ?InitBound@dgBangerData@@QAEXXZ 004411C0
 0001:000403D0       ??_GdgBangerDataManager@@UAEPAXI@Z 004413D0
 0001:00040400       ??1ptxGlassBirthRules@@UAE@XZ 00441400
 0001:00040410       ??_GptxGlassBirthRules@@UAEPAXI@Z 00441410
 0001:00040440       ?GetClassName@ptxGlassBirthRules@@UAEPADXZ 00441440
 0001:00040450       ??0dgBangerData@@QAE@XZ    00441450
 0001:00040520       ?GetClassName@dgBangerData@@UAEPADXZ 00441520
 0001:00040530       ??_GdgBangerData@@UAEPAXI@Z 00441530
 0001:00040560       ??1dgBangerData@@UAE@XZ    00441560
 0001:000405B0       ?GetClassName@dgBangerDataManager@@UAEPADXZ 004415B0
 0001:000405C0       ?ComputeLod@dgBangerInstance@@UAEHMM@Z 004415C0
 0001:000405E0       ?Draw@dgBangerInstance@@UAEXH@Z 004415E0
 0001:000407B0       ?DrawReflected@dgBangerInstance@@UAEXM@Z 004417B0
 0001:000407C0       ?DrawTree@dgBangerInstance@@QAEXH@Z 004417C0
 0001:00040840       ?DrawGlow@dgBangerInstance@@UAEXXZ 00441840
 0001:00040990       ?DrawShadow@dgBangerInstance@@UAEXXZ 00441990
 0001:000409A0       ?DrawShadowMap@dgBangerInstance@@UAEXXZ 004419A0
 0001:00040AB0       ?GetData@dgBangerInstance@@QAEPAVdgBangerData@@XZ 00441AB0
 0001:00040AD0       ?GetEntity@dgBangerInstance@@UAEPAVdgPhysEntity@@XZ 00441AD0
 0001:00040AE0       ?AttachEntity@dgBangerInstance@@UAEPAVdgPhysEntity@@XZ 00441AE0
 0001:00040B20       ?GetVelocity@dgBangerInstance@@UAEABVVector3@@XZ 00441B20
 0001:00040B40       ?SetMatrix@dgHitBangerInstance@@UAEXABVMatrix34@@@Z 00441B40
 0001:00040B60       ?GetMatrix@dgHitBangerInstance@@UAEABVMatrix34@@AAV2@@Z 00441B60
 0001:00040B70       ?GetPosition@dgHitBangerInstance@@UAEABVVector3@@XZ 00441B70
 0001:00040B80       ?InitBreakables@dgUnhitBangerInstance@@QAEXPBDPAVdgBangerData@@@Z 00441B80
 0001:00040C30       ?Init@dgUnhitBangerInstance@@UAEHPBDABVMatrix34@@H@Z 00441C30
 0001:00040D80       ?RequestBanger@dgUnhitBangerInstance@@SAPAV1@PBDH@Z 00441D80
 0001:00040EE0       ?Reset@dgUnhitBangerInstance@@UAEXXZ 00441EE0
 0001:00040F40       ?SetMatrix@dgUnhitYBangerInstance@@UAEXABVMatrix34@@@Z 00441F40
 0001:00040F70       ?GetMatrix@dgUnhitYBangerInstance@@UAEABVMatrix34@@AAV2@@Z 00441F70
 0001:00040FC0       ?GetPosition@dgUnhitYBangerInstance@@UAEABVVector3@@XZ 00441FC0
 0001:00040FD0       ?SetMatrix@dgUnhitMtxBangerInstance@@UAEXABVMatrix34@@@Z 00441FD0
 0001:00040FF0       ?GetMatrix@dgUnhitMtxBangerInstance@@UAEABVMatrix34@@AAV2@@Z 00441FF0
 0001:00041000       ?GetPosition@dgUnhitMtxBangerInstance@@UAEABVVector3@@XZ 00442000
 0001:00041010       ?Impact@dgUnhitBangerInstance@@UAEXPAVlvlInstance@@PAVVector3@@@Z 00442010
 0001:00041570       ?InitBound@dgUnhitBangerInstance@@QAE_NPBD0PAVdgBangerData@@H@Z 00442570
 0001:00041580       ?GetBound@dgBangerInstance@@UAEPBVphBound@@H@Z 00442580
 0001:00041680       ?Detach@dgHitBangerInstance@@UAEXXZ 00442680
 0001:000416B0       ??0dgBangerManager@@QAE@XZ 004426B0
 0001:000416E0       ??1dgBangerManager@@UAE@XZ 004426E0
 0001:00041780       ?GetBanger@dgBangerManager@@QAEPAVdgHitBangerInstance@@XZ 00442780
 0001:000417E0       ?Init@dgBangerManager@@QAEXH@Z 004427E0
 0001:00041870       ?InitGlow@dgBangerManager@@QAEXPBD@Z 00442870
 0001:000418A0       ?Reset@dgBangerManager@@UAEXXZ 004428A0
 0001:00041910       ?SetupGfxLights@dgBangerInstance@@UBEHABVMatrix34@@@Z 00442910
 0001:00041920       ??_GdgBangerManager@@UAEPAXI@Z 00442920
 0001:00041950       ??_EdgHitBangerInstance@@QAEPAXI@Z 00442950
 0001:000419B0       ??1dgHitBangerInstance@@QAE@XZ 004429B0
 0001:000419C0       ?Cross@Vector3@@QAEXABV1@0@Z 004429C0
 0001:00041A10       ?SetVariant@dgBangerInstance@@UAEXH@Z 00442A10
 0001:00041A60       ??0dgHitBangerInstance@@QAE@XZ 00442A60
 0001:00041AB0       ?SizeOf@dgHitBangerInstance@@UAEIXZ 00442AB0
 0001:00041AC0       j_??1lvlInstance@@QAE@XZ   00442AC0
 0001:00041AD0       ?ImpactCB@dgUnhitBangerInstance@@UAEXPAVdgHitBangerInstance@@@Z 00442AD0
 0001:00041AE0       ?SizeOf@dgUnhitYBangerInstance@@UAEIXZ 00442AE0
 0001:00041AF0       ?SizeOf@dgUnhitMtxBangerInstance@@UAEIXZ 00442AF0
 0001:00041B00       ??0dgTreeRenderer@@QAE@XZ  00442B00
 0001:00041B20       ?AddTree@dgTreeRenderer@@QAEXPAVdgBangerInstance@@H@Z 00442B20
 0001:00041B50       ?RenderTrees@dgTreeRenderer@@QAEXXZ 00442B50
 0001:00041C10       ??0dgGlassInstance@@QAE@XZ 00442C10
 0001:00041C30       ?InitStaticSystems@dgGlassInstance@@SAXXZ 00442C30
 0001:00041C90       ?Reset@dgGlassInstance@@UAEXXZ 00442C90
 0001:00041CD0       ?Impact@dgGlassInstance@@UAEXPAVlvlInstance@@PAVVector3@@@Z 00442CD0
 0001:00041E90       ?Draw@dgGlassInstance@@UAEXH@Z 00442E90
 0001:00041EF0       ?DrawGlow@dgGlassInstance@@UAEXXZ 00442EF0
 0001:00041F00       ?SizeOf@dgGlassInstance@@UAEIXZ 00442F00
 0001:00041F10       ?InstallTextureVariantHandler@@YAXXZ 00442F10
 0001:00041F50       ?gfxPrepareImage@@YAPAVgfxImage@@PBD_N@Z 00442F50
 0001:00042110       ??0dgStatePack@@QAE@XZ     00443110
 0001:00042180       ??1dgStatePack@@QAE@XZ     00443180
 0001:00042190       ?InitFromArgs@dgStatePack@@QAEXXZ 00443190
 0001:00042290       ??0cityTimeWeatherLighting@@QAE@XZ 00443290
 0001:00042300       ?ComputeAmbientLightLevels@cityTimeWeatherLighting@@QAEXXZ 00443300
 0001:00042440       ?FileIO@cityTimeWeatherLighting@@QAEXAAVdatParser@@@Z 00443440
 0001:00042530       ?LoadCityTimeWeatherLighting@@YAXXZ 00443530
 0001:00042610       ?IsInRoomCheckWarps@cityLevel@@IAE_NABVVector3@@H@Z 00443610
 0001:000426A0       ?SetupLighting@cityLevel@@SAXABVVector3@@@Z 004436A0
 0001:00042830       ?SetLightDirection@@YAXPBVVector3@@MM@Z 00443830
 0001:00042860       ??0cityLevel@@QAE@XZ       00443860
 0001:00042910       ??1cityLevel@@UAE@XZ       00443910
 0001:00042930       ?GetBound@cityLevel@@UAEPBVlvlLevelBound@@XZ 00443930
 0001:00042940       ?GetEnvMap@cityLevel@@UAEPAVgfxTexture@@HABVVector3@@AAM@Z 00443940
 0001:00042970       ??0dgRoadDecalInstance@@QAE@PBDABVdgPath@@@Z 00443970
 0001:00042B00       ??1dgRoadDecalInstance@@QAE@XZ 00443B00
 0001:00042B60       ?DrawShadow@dgRoadDecalInstance@@UAEXXZ 00443B60
 0001:00042E00       ?Draw@dgRoadDecalInstance@@UAEXH@Z 00443E00
 0001:00042E10       ?GetPosition@dgRoadDecalInstance@@UAEABVVector3@@XZ 00443E10
 0001:00042E20       ?SizeOf@dgRoadDecalInstance@@UAEIXZ 00443E20
 0001:00042E30       ?GetMatrix@dgRoadDecalInstance@@UAEABVMatrix34@@AAV2@@Z 00443E30
 0001:00042E40       ?SetMatrix@dgRoadDecalInstance@@UAEXABVMatrix34@@@Z 00443E40
 0001:00042E50       ?SetObjectDetail@cityLevel@@UAEXH@Z 00443E50
 0001:00042F30       ?Load@cityLevel@@UAEXPBD@Z 00443F30
 0001:000440E0       ?LoadProp@cityLevel@@SAXHPBDABVMatrix34@@@Z 004450E0
 0001:00044140       ?LoadPathSet@cityLevel@@CAXPBDPBD@Z 00445140
 0001:000441E0       ?LoadPath@cityLevel@@SAXPBDABVMatrix34@@_N@Z 004451E0
 0001:00044210       ?AddWarp@cityLevel@@CAXHH@Z 00445210
 0001:00044280       ?GetWaterLevel@cityLevel@@UBEMH@Z 00445280
 0001:00044290       ?GetLightingIntensity@cityLevel@@UBEMABVVector3@@@Z 00445290
 0001:000442A0       ?SetPtxHeight@cityLevel@@UAEXAAVasParticles@@@Z 004452A0
 0001:000442B0       ?Update@cityLevel@@UAEXXZ  004452B0
 0001:000442E0       ?PreDraw@cityLevel@@UAEXXZ 004452E0
 0001:00044300       ?PostDraw@cityLevel@@UAEXXZ 00445300
 0001:00044310       ?GetBoundSphere@cityLevel@@UAE_NAAVVector4@@H@Z 00445310
 0001:00044340       ?DecompressPvs@cityLevel@@IAEXH@Z 00445340
 0001:000443E0       j_nullsub_226              004453E0
 0001:000443F0       nullsub_226                004453F0
 0001:00044400       ?Draw@cityLevel@@UAEXABVgfxViewport@@I@Z 00445400
 0001:000447B0       ?SetupPerRoomLighting@cityLevel@@IAEXH@Z 004457B0
 0001:00044820       ?DrawRooms@cityLevel@@IAEXABVgfxViewport@@IPBUcityRoomRec@@H@Z 00445820
 0001:00044949       cityLevel_drawSDL          00445949
 0001:00044BD5       cityLevel_drawStatics      00445BD5
 0001:00044CD7       cityLevel_drawShadows      00445CD7
 0001:00044F55       cityLevel_drawObjects      00445F55
 0001:0004514B       cityLevel_drawLights       0044614B
 0001:00045370       ?InitFullProbe@cityLevel@@IAEXHH@Z 00446370
 0001:00045920       ?FullProbe@cityLevel@@IAEHABVVector3@@@Z 00446920
 0001:00045A60       ?FindRoomId@cityLevel@@UAEHABVVector3@@H@Z 00446A60
 0001:00045C20       ?GetNeighborCount@cityLevel@@UAEHH@Z 00446C20
 0001:00045C40       ?GetNeighbors@cityLevel@@UAEHPAHH@Z 00446C40
 0001:00045CD0       ?GetTouchedNeighbors@cityLevel@@UAEHPAHHHABVVector4@@@Z 00446CD0
 0001:00045D10       ?GetTouchedNeighborsR@cityLevel@@QAEHPAHHHABVVector4@@H@Z 00446D10
 0001:00045FA0       ?GetRoomPerimeter@cityLevel@@UAEHHQAVVector3@@H@Z 00446FA0
 0001:00046010       ?GetLastStartRoom@cityLevel@@QAEHXZ 00447010
 0001:00046020       ?Collide@cityLevel@@UAE_NHAAVlvlSegment@@PAVlvlIntersection@@@Z 00447020
 0001:00046030       ?GetVisitList@cityLevel@@UAEHPAHHABVVector3@@1HH@Z 00447030
 0001:00046290       ?EnableSky@cityLevel@@QAEX_N@Z 00447290
 0001:000462A0       ?EnablePVS@cityLevel@@QAEX_N@Z 004472A0
 0001:000462C0       ??_GcityLevel@@UAEPAXI@Z   004472C0
 0001:000462F0       ?ClampToWorld@lvlLevel@@UAE_NAAVVector3@@@Z 004472F0
 0001:00046300       ?InitNoArea@sdlPoly@@IAE_NHHHHH@Z 00447300
 0001:00046470       ?SetQuad@sdlPoly@@QAE_NHHMHMHMHM@Z 00447470
 0001:00046670       ?SetFlatQuad@sdlPoly@@QAE_NHHHHHM@Z 00447670
 0001:00046850       ?SetQuad@sdlPoly@@QAE_NHABVVector3@@000@Z 00447850
 0001:000469D0       ?SetTri@sdlPoly@@QAE_NHABVVector3@@00@Z 004479D0
 0001:00046AF0       ?SetFlatTri@sdlPoly@@QAE_NHHHHM@Z 00447AF0
 0001:00046C70       ?SetWall@sdlPoly@@QAE_NHHHMM@Z 00447C70
 0001:00046D50       ?SetWall@sdlPoly@@QAE_NHABVVector3@@0MM@Z 00447D50
 0001:00046ED0       ?InitFromPoly@sdlPolyCached@@QAEXPBVsdlPoly@@@Z 00447ED0
 0001:00047030       j_nullsub_227              00448030
 0001:00047040       nullsub_227                00448040
 0001:00047050       ??0sdlCommon@@QAE@XZ       00448050
 0001:00047090       ?UpdateLighting@sdlCommon@@SAXXZ 00448090
 0001:000472C0       ??1sdlCommon@@QAE@XZ       004482C0
 0001:000472E0       ?CollideEdgePoint@sdlCommon@@UBEHAAVlvlSegment@@PAVlvlIntersectionPoint@@H@Z 004482E0
 0001:000472F0       ?CollideProbePoint@sdlCommon@@UBE_NAAVlvlSegment@@PAVlvlIntersectionPoint@@M@Z 004482F0
 0001:00047300       ?CollideAIPoint@sdlCommon@@UBE_NAAVlvlSegment@@PAVlvlIntersectionPoint@@@Z 00448300
 0001:00047310       ?AllocateState@sdlCommon@@UBEPADXZ 00448310
 0001:00047330       ?Draw@sdlPage16@@QBEXHI@Z  00448330
 0001:000473BF       psdl_set_texture           004483BF
 0001:000473D9       psdl_draw_alleys           004483D9
 0001:000475DD       psdl_draw_intersection_sidewalks 004485DD
 0001:00048229       psdl_draw_road             00449229
 0001:000482C3       psdl_draw_road_verylow     004492C3
 0001:000484E2       psdl_draw_road_low         004494E2
 0001:000486CA       psdl_draw_sidewalk_L       004496CA
 0001:00048890       psdl_draw_sidewalk_L_shaded 00449890
 0001:00048A38       psdl_draw_sidewalk_R       00449A38
 0001:00048BFE       psdl_draw_sidewalk_R_shaded 00449BFE
 0001:00048DA4       psdl_draw_road_L           00449DA4
 0001:00048F8B       psdl_draw_road_R           00449F8B
 0001:00049156       psdl_draw_median_road      0044A156
 0001:0004B99C       psdl_draw_tunnel_junction  0044C99C
 0001:0004ED3A       psdl_draw_roofs            0044FD3A
 0001:0004EE58       psdl_draw_intersection_surfaces 0044FE58
 0001:0004EE92       psdl_draw_terrain_thing    0044FE92
 0001:0004EFC3       psdl_draw_intersection_crosswalks 0044FFC3
 0001:0004F16F       psdl_set_shade_color       0045016F
 0001:0004F17F       psdl_draw_buildings_thing  0045017F
 0001:0004F3A6       psdl_draw_slivers_thing    004503A6
 0001:0004F79E       psdl_invalid_cmd           0045079E
 0001:0004F880       ?GetShadedColor@sdlPage16@@DAIII@Z 00450880
 0001:0004F910       ?GetShadedColor@sdlPage16@@DAIIII@Z 00450910
 0001:0004F930       ?GetDrawnSDLPrims@sdlPage16@@QBEHHPAHH@Z 00450930
 0001:00054830       ?Collect@sdlPage16@@QBEHPBVVector4@@PAVsdlPoly@@HAAH@Z 00455830
 0001:000594E0       ??0sdlPage16@@QAE@HH@Z     0045A4E0
 0001:00059530       ??0lvlSDL@@QAE@XZ          0045A530
 0001:00059550       ??1lvlSDL@@QAE@XZ          0045A550
 0001:00059560       ?ArcMap@sdlPage16@@QBEXPAMPBGHHH@Z 0045A560
 0001:00059760       ?WallMap@sdlPage16@@QBEXPAMPBGMHH@Z 0045A760
 0001:00059900       ?PointInPerimeter@sdlPage16@@QBE_NMM@Z 0045A900
 0001:000599F0       ?GetCentroid@sdlPage16@@QBEXAAVVector3@@@Z 0045A9F0
 0001:00059B40       ?FindBoundingIsoParams@sdlPage16@@SAXPBVVector4@@PBVVector3@@PBGHHAAH3@Z 0045AB40
 0001:00059DF0       ?ComputeBoundSphere@sdlPage16@@QBEXAAVVector4@@@Z 0045ADF0
 0001:00059E90       ?CollideSegment@sdlPage16@@QBE_NPBVVector4@@AAVlvlSegment@@AAVlvlIntersection@@MM@Z 0045AE90
 0001:0005A060       ?CollidePolyToLevel@lvlSDL@@UBEHPBVphBoundPolygonal@@PAHHPAVphColliderBase@@PBVMatrix34@@3PAVlvlIntersection@@H1_N@Z 0045B060
 0001:0005AB90       nullsub_10                 0045BB90
 0001:0005ABA0       ?CollideEdge@lvlSDL@@UBEHAAVlvlSegment@@PAVlvlIntersection@@HPAHH@Z 0045BBA0
 0001:0005ABB0       ?CollideProbe@lvlSDL@@UBE_NAAVlvlSegment@@PAVlvlIntersection@@M@Z 0045BBB0
 0001:0005AE40       ?CollideAI@lvlSDL@@UBE_NAAVlvlSegment@@PAVlvlIntersection@@PAHH@Z 0045BE40
 0001:0005AE50       ?Enumerate@lvlSDL@@QBEXHP6AXABV1@HHHPBGPAX@Z2@Z 0045BE50
 0001:0005AF90       ?LoadBinary@sdlPage16@@SAPAV1@PAVStream@@@Z 0045BF90
 0001:0005B040       ?LoadBinary@lvlSDL@@QAE_NPBD@Z 0045C040
 0001:0005B540       ?IsoLerp@lvlSDL@@CA_NAAVVector3@@AAHPBV2@HPBGHM_N4@Z 0045C540
 0001:0005B660       ?Propulate@lvlSDL@@SAXABV1@HHHPBGPAX@Z 0045C660
 0001:0005BB90       ?GetVertex@lvlSDL@@UBEABVVector3@@H@Z 0045CB90
 0001:0005BBB0       _sqrtf                     0045CBB0
 0001:0005BBC0       ?BACKFACE@sdlCommon@@SA_NABVVector3@@0@Z 0045CBC0
 0001:0005BC10       ?Max@@YAMMM@Z              0045CC10
 0001:0005BC30       ?Lerp@@YAMMMM@Z            0045CC30
 0001:0005BC50       ??0Vector2@@QAE@XZ         0045CC50
 0001:0005BC60       ?Mag@Vector2@@QBEMXZ       0045CC60
 0001:0005BC80       ?Mag2@Vector2@@QBEMXZ      0045CC80
[...]
 0003:000C0B50       ?vglCurrentNX@@3MA         00682B50
 0003:000C0B54       ?vglCurrentNY@@3MA         00682B54
 0003:000C0B58       ?vglCount@@3HA             00682B58
 0003:000C0B5C       ?vglCurrentT@@3MA          00682B5C
 0003:000C0B60       ?vglCurrentS@@3MA          00682B60
 0003:000C0B64       ?vglUseCloudMap@@3_NA      00682B64
 0003:000C0B68       ?vglVNT1@@3PAUvglVNT1_t@@A 00682B68
 0003:000C0B74       ?vglCloudMapTexture@@3PAVgfxTexture@@A 00682B74
 0003:000C0B78       vglDrawMode                00682B78
 0003:000C0B84       vglCountThing              00682B84
 0003:000C0F98       ?mtxstack@@3PAVMatrix44@@A 00682F98
 0003:000C0F9C       ?lpdsBack2@@3PAUIDirectDrawSurface7@@A 00682F9C
 0003:000C0FA0       ?hwndParent@@3PAUHWND__@@A 00682FA0
 0003:000C0FA4       ?lpdsZ@@3PAUIDirectDrawSurface7@@A 00682FA4
 0003:000C0FA8       ?interfaceNames@@3PAY0CA@DA 00682FA8
 0003:000C10A8       ?lpDD@@3PAUIDirectDraw7@@A 006830A8
 0003:000C10AC       ?lpD3D@@3PAUIDirect3D7@@A  006830AC
 0003:000C10B0       ?lpdsFront@@3PAUIDirectDrawSurface7@@A 006830B0
 0003:000C10B8       ?hwndMain@@3PAUHWND__@@A   006830B8
 0003:000C10BC       ?lpdsBack@@3PAUIDirectDrawSurface7@@A 006830BC
 0003:000C10C4       ?lpClip@@3PAUIDirectDrawClipper@@A 006830C4
 0003:000C10C8       ?lpD3DDev@@3PAUIDirect3DDevice7@@A 006830C8
 0003:000C10CC       ?lpdsRend@@3PAUIDirectDrawSurface7@@A 006830CC
 0003:000C10D0       ?inWindow@@3_NA            006830D0
 0003:000C10D1       ?isMaximized@@3_NA         006830D1
 0003:000C10D2       ?tripleBuffer@@3_NA        006830D2
 0003:000C10D3       ?useReference@@3_NA        006830D3
 0003:000C10D4       ?useSoftware@@3_NA         006830D4
 0003:000C10D5       ?useAgeSoftware@@3_NA      006830D5
 0003:000C10D6       ?useBlade@@3_NA            006830D6
 0003:000C10D7       ?useSysMem@@3_NA           006830D7
 0003:000C10D8       ?useInterface@@3HA         006830D8
 0003:000C10DC       ?interfaceCount@@3HA       006830DC
 0003:000C10E4       ?m_ZDepth@gfxPipeline@@0HA 006830E4
 0003:000C10E8       ?gfxLostCallback@@3P6AXXZA 006830E8
 0003:000C10EC       ?m_X@gfxPipeline@@0HA      006830EC
 0003:000C10F0       ?ATOM_class@@3UATOM@@A     006830F0
 0003:000C10F4       ?m_fWidth@gfxPipeline@@0MA 006830F4
 0003:000C10F8       ?m_ColorDepth@gfxPipeline@@0HA 006830F8
 0003:000C10FC       ?VP@gfxPipeline@@2PAVgfxViewport@@A 006830FC
 0003:000C1100       ?m_iHeight@gfxPipeline@@0HA 00683100
 0003:000C1104       ?gfxDebug@@3HA             00683104
 0003:000C1108       iconId                     00683108
 0003:000C110C       ?OrthoVP@gfxPipeline@@2PAVgfxViewport@@A 0068310C
 0003:000C1110       ?m_Y@gfxPipeline@@0HA      00683110
 0003:000C1114       ?m_EvtFlags@gfxPipeline@@0IA 00683114
 0003:000C1120       ?m_fHeight@gfxPipeline@@0MA 00683120
 0003:000C1124       ?m_Viewport@gfxPipeline@@0PAVgfxViewport@@A 00683124
 0003:000C1128       ?m_iWidth@gfxPipeline@@0HA 00683128
 0003:000C1130       ?gfxInterfaces@@3PAUgfxInterface@@A 00683130
 0003:000C24B0       ?gfxMinScreenWidth@@3HA    006844B0
 0003:000C24B4       ?g_VisualizeZ@@3_NA        006844B4
 0003:000C24B8       ?gfxRestoreCallback@@3P6AXXZA 006844B8
 0003:000C24BC       ?lpInterfaceGUID@@3PAU_GUID@@A 006844BC
 0003:000C24C0       ?gfxInterfaceCount@@3HA    006844C0
 0003:000C24C4       ?g_Tex565@@3_NA            006844C4
 0003:000C24C8       ?gfxInterfaceChoice@@3HA   006844C8
 0003:000C24CC       ?gfxMinScreenHeight@@3HA   006844CC
 0003:000C24D0       ?g_Tex555@@3_NA            006844D0
 0003:000C24D4       ?gfxInterfaceEnumIdx@@3HA  006844D4
 0003:000C24D8       ?gfxMaxScreenHeight@@3HA   006844D8
 0003:000C24E0       ?sInterfaceGUID@@3U_GUID@@A 006844E0
 0003:000C24F0       ?gfxDDEnumCallback@@3P6GHPAU_GUID@@PADPADPAX@ZA 006844F0
 0003:000C24F4       ?m_RenderTarget@gfxPipeline@@0PBVgfxTexture@@B 006844F4
 0003:000C24F8       ?useNativeVBs@@3_NA        006844F8
 0003:000C24FC       ?gfxMaxScreenWidth@@3HA    006844FC
 0003:000C2500       ?sm_UseInternal@@3_NA      00684500
 0003:000C2501       ?useHWTnL@@3_NA            00684501
 0003:000C2518       ?lpDDCreate@@3P6GJPAUGUID@@PAXABUIID@@PAUIUnknown@@@ZA 00684518
 0003:000C251D       ?novblank@@3_NA            0068451D
 0003:000C2520       ?sm_First@gfxVertexBuffer@@2PAU1@A 00684520
 0003:000C2524       ?sm_UseInternalCache@gfxTexture@@0_NA 00684524
 0003:000C2528       ?sm_CurrentTime@gfxTextureCacheEntry@@0IA 00684528
 0003:000C252C       ?sm_FirstPool@gfxTexture@@0PAVgfxTextureCachePool@@A 0068452C
 0003:000C2D34       ?sm_EnableSetLOD@gfxTexture@@2_NA 00684D34
 0003:000C2D35       ?sm_LOD@gfxTexture@@0EA    00684D35
 0003:000C2D36       ?sm_Allow32@gfxTexture@@2_NA 00684D36
 0003:000C2D38       ?sm_First@gfxTexture@@0PAV1@A 00684D38
 0003:000C2D3C       ?sm_FirstActive@gfxTexture@@0PAV1@A 00684D3C
 0003:000C2D40       ?sm_First@gfxBitmap@@0PAV1@A 00684D40
 0003:000C2D44       ?sm_Use565@gfxImage@@2_NA  00684D44
 0003:000C2D48       ?sm_Font@gfxImage@@2PAV1@A 00684D48
 0003:000C2D4C       tga_palette                00684D4C
 0003:000C304C       tex_palette                0068504C
 0003:000C344C       ?gLoadImageMem@@3HA        0068544C
 0003:000C3450       ?g_Allow8BitImages@@3_NA   00685450
 0003:000C3454       font_texture               00685454
 0003:000C3458       font_width                 00685458
 0003:000C345C       font_height                0068545C
 0003:000C3460       ?sm_Camera@gfxRenderState@@0VMatrix44@@A 00685460
 0003:000C34A0       ?LASTRSTATE@@3VgfxRenderStateData@@A 006854A0
 0003:000C34F0       ?sm_SupportsBlendWithOne@gfxRenderState@@0_NA 006854F0
 0003:000C34F8       ?sm_Composite@gfxRenderState@@0VMatrix44@@A 006854F8
 0003:000C3538       ?sm_World@gfxRenderState@@0VMatrix44@@A 00685538
 0003:000C3578       ?Sun@gfxLight@@2U1@A       00685578
 0003:000C3620       ?sm_FullComposite@gfxRenderState@@0VMatrix44@@A 00685620
 0003:000C3660       ?sm_View@gfxRenderState@@0VMatrix44@@A 00685660
 0003:000C36A0       ?RSTATE@@3VgfxRenderState@@A 006856A0
 0003:000C3738       ?sm_Modelview@gfxRenderState@@0VMatrix44@@A 00685738
 0003:000C3778       ?m_Touched@gfxRenderState@@0HA 00685778
 0003:000C377C       ?sm_MaxBlendMatrices@gfxRenderState@@0HA 0068577C
 0003:000C3788       ?sm_MaxTextures@gfxRenderState@@0HA 00685788
 0003:000C378C       ?FadeValue@gfxPipeline@@0MA 0068578C
 0003:000C3790       ?StartFadeColor@gfxPipeline@@0IA 00685790
 0003:000C3794       ?EndFadeColor@gfxPipeline@@0IA 00685794
 0003:000C3798       ?FadeSpeed@gfxPipeline@@0MA 00685798
 0003:000C379C       ?FadeColor@gfxPipeline@@0IA 0068579C
 0003:000C37A0       ?TexHash@@3VHashTable@@A   006857A0
 0003:000C37B8       ?BitmapHash@@3VHashTable@@A 006857B8
 0003:000C37D0       gfxTexReduceSize           006857D0
 0003:000C37D4       ?gfxLoadImageTime@@3MA     006857D4
 0003:000C37D8       ?gfxForceLVERTEX@@3_NA     006857D8
 0003:000C37DC       ?sm_TexCoordScale@gfxPacket@@1MA 006857DC
 0003:000C3CE0       ?sm_VertScale@gfxPacket@@1MA 00685CE0
 0003:000C3CE4       ?vbtableCount@@3HA         00685CE4
 0003:000DFCF0       ?vblist@@3PAPAUIDirect3DVertexBuffer7@@A 006A1CF0
 0003:000E00F8       ?MovieHash@@3VHashTable@@A 006A20F8
 0003:000E0110       ?sm_First@gfxTextureMovie@@1PAV1@A 006A2110
 0003:000E0A60       ?lpD3DDevSoftware@@3PAUIDirect3DDevice7@@A 006A2A60
 0003:000E1874       keybDI                     006A3874
 0003:000E1878       keybDev                    006A3878
 0003:000E1880       ?lpDI@@3PAUIDirectInputA@@A 006A3880
 0003:000E18B8       mouseDev                   006A38B8
 0003:000E18CC       ?m_dX@ioMouse@@0HA         006A38CC
 0003:000E18D0       ?m_UseWindow@ioMouse@@0_NA 006A38D0
 0003:000E18D4       ?m_InvHeight@ioMouse@@0MA  006A38D4
 0003:000E18D8       ?m_Y@ioMouse@@0HA          006A38D8
 0003:000E18DC       ?m_X@ioMouse@@0HA          006A38DC
 0003:000E18E0       ?m_Buttons@ioMouse@@0IA    006A38E0
 0003:000E18E4       ?m_LastButtons@ioMouse@@0IA 006A38E4
 0003:000E18E8       ?m_dZ@ioMouse@@0HA         006A38E8
 0003:000E18EC       ?m_InvWidth@ioMouse@@0MA   006A38EC
 0003:000E18F0       ?m_dY@ioMouse@@0HA         006A38F0
 0003:000E18F4       ?m_WindowButtons@ioMouse@@0IA 006A38F4
 0003:000E18F8       mouseDI                    006A38F8
 0003:000E1900       ?PADS@ioPad@@0PAV1@A       006A3900
 0003:000E1961       ?sm_UseKeymap@ioPad@@0_NA  006A3961
 0003:000E1968       ?STICKS@ioJoystick@@0PAV1@A 006A3968
 0003:000E1AA8       ?joyDebug@@3HA             006A3AA8
 0003:000E1AAC       ?StickCount@ioJoystick@@0HA 006A3AAC
 0003:000E1AB0       ?LogRandomCalls@@3P6AXXZA  006A3AB0
 0003:000E1AB4       ?saveSeed@@3HA             006A3AB4
 0003:000E1AB8       ?oldLog@@3P6AXXZA          006A3AB8
 0003:000E1ABC       ?secondarySeed@@3HA        006A3ABC
 0003:000E1AC0       ?gRandSeed@@3HA            006A3AC0
 0003:000E1B8C       ?sm_Path@datAssetManager@@0PADA 006A3B8C
 0003:000E1C0C       ?assetDebug@@3HA           006A3C0C
 0003:000E1C10       ?ArgHash@datArgParser@@0VHashTable@@A 006A3C10
 0003:000E1C28       ?Argv@datArgParser@@2PAPADA 006A3C28
 0003:000E1C30       ?Argc@datArgParser@@2HA    006A3C30
 0003:000E1C34       ?datCurrentMemoryAlign@@3HA 006A3C34
 0003:000E1C38       ?datCurrentMemoryBucket@@3HA 006A3C38
 0003:000E1C3C       ?PrevElapsedTime@datTimeManager@@0MA 006A3C3C
 0003:000E1C40       ?ElapsedTime@datTimeManager@@0MA 006A3C40
 0003:000E1C44       ?TempOverSampleAmount@datTimeManager@@0HA 006A3C44
 0003:000E1C48       ?Time@datTimeManager@@0VTimer@@A 006A3C48
 0003:000E1C4C       ?TempSeconds@datTimeManager@@0MA 006A3C4C
 0003:000E1C50       ?FrameCount@datTimeManager@@0IA 006A3C50
 0003:000E1C54       ?ShowFrame@datTimeManager@@0_NA 006A3C54
 0003:000E1C55       ?FrameStep@datTimeManager@@0_NA 006A3C55
 0003:000E1C58       ?Mode@datTimeManager@@0W4EnumTimeMode@1@A 006A3C58
 0003:000E1C5C       ?TempOverSampling@datTimeManager@@0_NA 006A3C5C
 0003:000E1C60       ?First@HashTable@@0PAV1@A  006A3C60
 0003:000E1CF4       dwPriorityClass            006A3CF4
 0003:000E1CF8       nPriority                  006A3CF8
 0003:000E1D00       ?TicksToSeconds@Timer@@2MA 006A3D00
 0003:000E1D04       ?TicksToMilliseconds@Timer@@0MA 006A3D04
 0003:000E1D10       ?NullCallback@@3VdatCallback@@A 006A3D10
 0003:000E1D38       ?gFatalMessageHandler@@3P6AXPBD@ZA 006A3D38
 0003:000E1D3C       b_popUpErrors              006A3D3C
 0003:000E1D44       beforeMsgBoxCB             006A3D44
 0003:000E1D48       afterMsgBoxCB              006A3D48
 0003:000E1D4C       ?OutputSent@datOutput@@0_NA 006A3D4C
 0003:000E1EB8       ?sm_Streams@Stream@@0PAV1@A 006A3EB8
 0003:000E1EBC       ?sm_Buffers@Stream@@0PAY0BAAA@DA 006A3EBC
 0003:000EDED4       ?EngineSmokeRule@vehCarDamage@@0PAVasBirthRule@@A 006AFED4
 0003:000EDED8       ?EngineSmokeRuleRef@vehCarDamage@@0HA 006AFED8
 0003:000EDEF4       ?s_CSVCatString@aiAmbientVehicleAudio@@0PADA 006AFEF4
 0003:000EDF08       ?s_ppHornAudioContainer@aiAmbientVehicleAudio@@0PAPAV?$Aud3DManagerData@VvehHornAudio@@@@A 006AFF08
 0003:000EDF0C       ?s_ppAudCreatureContainer@aiAmbientVehicleAudio@@0PAPAV?$Aud3DManagerData@VAudCreature@@@@A 006AFF0C
 0003:000EDF10       ?s_ppEngineAudioContainer@aiAmbientVehicleAudio@@0PAPAV?$Aud3DManagerData@VaiEngineAudio@@@@A 006AFF10
 0003:000EDF14       ?s_ppAudImpactContainer@aiAmbientVehicleAudio@@0PAPAV?$Aud3DManagerData@VAudImpact@@@@A 006AFF14
 0003:000EDF18       ?s_iNumHornAudioContainers@aiAmbientVehicleAudio@@0HA 006AFF18
 0003:000EDF1C       ?s_iNumEngineAudioContainers@aiAmbientVehicleAudio@@0HA 006AFF1C
 0003:000EDF20       ?s_iNumAudCreatureContainers@aiAmbientVehicleAudio@@0HA 006AFF20
 0003:000EDF24       ?s_iNumAudImpactContainers@aiAmbientVehicleAudio@@0HA 006AFF24
 0003:000EDF28       ?s_iVoiceFileNum@aiAmbientVehicleAudio@@0HA 006AFF28
 0003:000EDF34       ?s_iNumPoliceNames@vehCarAudioContainer@@0HA 006AFF34
 0003:000EDF38       ?s_iNumSemiNames@vehCarAudioContainer@@0HA 006AFF38
 0003:000EDF40       ?s_acSirenCSVName@vehCarAudioContainer@@0PADA 006AFF40
 0003:000EDFA0       ?s_bTypesRegistered@vehCarAudioContainer@@0_NA 006AFFA0
 0003:000EDFA1       ?s_bAlwaysNitro@vehCarAudioContainer@@0_NA 006AFFA1
 0003:000EDFA4       ?s_ppSemiName@vehCarAudioContainer@@0PAPADA 006AFFA4
 0003:000EDFA8       ?s_ppPoliceName@vehCarAudioContainer@@0PAPADA 006AFFA8
 0003:000EDFAC       ?Rule@vehWheelPtx@@2PAPAVasBirthRule@@A 006AFFAC
 0003:000EDFE0       ?_fCopUpdate@@3MA          006AFFE0
 0003:000EDFE4       ?s_iNumCopsPursuingPlayer@vehPoliceCarAudio@@0HA 006AFFE4
 0003:000EE12C       ?Instance@MenuManager@@2PAV1@A 006B012C
 0003:000EE130       menu_fg_color              006B0130
 0003:000EE1D0       hObject                    006B01D0
 0003:000EE428       ?gfxRendererChoice@@3HA    006B0428
 0003:000EE44C       ?interfaceChoice@@3HA      006B044C
 0003:000EE454       ?mmCpuSpeed@@3IA           006B0454
 0003:000EE468       ?NeedFullShutdown@@3_NA    006B0468
 0003:000EE568       hHandle                    006B0568
 0003:000EE5C0       ?CircuitData@RaceMenuBase@@2VmmRaceData@@A 006B05C0
 0003:000EEA78       ?RaceData@RaceMenuBase@@2VmmRaceData@@A 006B0A78
 0003:000EEF30       ?BlitzData@RaceMenuBase@@2VmmRaceData@@A 006B0F30
 0003:000EF464       ?s_pAgeAudioManager@AudSoundBase@@0PAVaudManager@@A 006B1464
 0003:000EF468       ?s_pacDefSubPath@AudSoundBase@@0PADA 006B1468
 0003:000EF46C       ?s_pacDefExtension@AudSoundBase@@0PADA 006B146C
 0003:000EF474       ?AUDMGRPTR@@3PAVAudManagerBase@@A 006B1474
 0003:000EF478       ?AUDMUSICPTR@@3PAVAudStreamingMusic@@A 006B1478
 0003:000EF494       ?AUD3DOBJMGRPTR@@3PAVAud3DObjectManager@@A 006B1494
 0003:000EF5D0       ?MMAUDMGRPTR@@3PAVAudManager@@A 006B15D0
 0003:000EF5EC       ?MUSICMANAGERPTR@@3PAVMMDMusicManager@@A 006B15EC
 0003:000EF610       ?MMSTATE@@3VmmStatePack@@A 006B1610
 0003:000EF614       raceId                     006B1614
 0003:000EF618       trafficDensity             006B1618
 0003:000EF61C       pedestrianDensity          006B161C
 0003:000EF620       copDensity                 006B1620
 0003:000EF624       opponentDensity            006B1624
 0003:000EF65C       gfxTextureQuality          006B165C
 0003:000EF664       timeOfDay                  006B1664
 0003:000EF668       weatherType                006B1668
 0003:000EF670       audioFlags                 006B1670
 0003:000EF674       pedestriansEnabled         006B1674
 0003:000EF67C       cityName                   006B167C
 0003:000EF6A4       cityName2                  006B16A4
 0003:000EF6CC       replayName                 006B16CC
 0003:000EF6F4       vehicleId                  006B16F4
 0003:000EF6F8       inputDevice                006B16F8
 0003:000EF720       vehicleName                006B1720
 0003:000EF770       vehiclePaintjob            006B1770
 0003:000EF774       netName                    006B1774
 0003:000EF7C8       splashScreen               006B17C8
 0003:000EF7D0       soundFxVolume              006B17D0
 0003:000EF7D4       audioBalance               006B17D4
 0003:000EF7D8       musicVolume                006B17D8
 0003:000EF7DC       numAudioChannels           006B17DC
 0003:000EF7F2       audDeviceName              006B17F2
 0003:000EF8BA       hasMusicCD                 006B18BA
 0003:000EF8C4       cnr_team                   006B18C4
 0003:000EF8C8       cnr_timeLimit              006B18C8
 0003:000EF8CC       cnr_pointLimit             006B18CC
 0003:000EF8D0       cnr_goldMass               006B18D0
 0003:000EF983       iconState                  006B1983
 0003:000EF986       bHudOrient                 006B1986
 0003:000EF987       bHudZoomIn                 006B1987
 0003:000EF990       gfxFarClip                 006B1990
 0003:000EF994       gfxEnableSky               006B1994
 0003:000EF998       gxLightQuality             006B1998
 0003:000EF99C       gfxUsePortals              006B199C
 0003:000EF9A0       gfxObjectDetail            006B19A0
 0003:000EF9A4       gfxUseEnvMap               006B19A4
 0003:000EF9A8       gfxCloudShadows            006B19A8
 0003:000EF9AC       bCheating                  006B19AC
 0003:000EF9B4       unlockRewards              006B19B4
 0003:000EF9BB       useDialup                  006B19BB
 0003:000EF9BC       useIME                     006B19BC
 0003:000EF9C0       imeContext                 006B19C0
 0003:000EF9C8       netStartArray              006B19C8
 0003:000EF9F8       ?MMCURRPLAYER@@3VmmPlayerData@@A 006B19F8
 0003:000EFCA0       ?CityListPtr@@3PAVmmCityList@@A 006B1CA0
 0003:000EFCA8       ?VehicleListPtr@@3PAVmmVehList@@A 006B1CA8
 0003:000EFCD0       ?SizeOf@mmRecord@@2HA      006B1CD0
 0003:000EFCD4       ?SizeOf@mmPlayerRecord@@2HA 006B1CD4
 0003:000EFCEC       ?IODev@@3PAVmmIODev@@A     006B1CEC
 0003:000EFCF0       ?GameInputPtr@@3PAVmmInput@@A 006B1CF0
 0003:000EFD24       Buffer                     006B1D24
 0003:000EFD64       hInstance                  006B1D64
 0003:000EFDC0       string_buffer              006B1DC0
 0003:000F0DC0       string_index               006B2DC0
 0003:000F0E10       ?AIMAP@@3VaiMap@@A         006B2E10
 0003:000F0FFC       ?ObjCount@aiTrafficLightSet@@0FA 006B2FFC
 0003:000F1004       ?s_iFemaleFileNum@aiPedAudio@@0HA 006B3004
 0003:000F1014       ?s_CSVCatString@aiPedAudio@@0PADA 006B3014
 0003:000F1020       ?s_iMaleFileNum@aiPedAudio@@0HA 006B3020
 0003:000F11AC       ?Instance@aiVehicleManager@@2PAV1@A 006B31AC
 0003:000F1968       ?NETMGR@@3VasNetwork@@A    006B3968
 0003:000F2208       ?sm_LogOpen@zipFile@@2_NA  006B4208
 0003:000F26A8       ?Current@memMemoryAllocator@@0PAV1@A 006B46A8
 0003:000F26AC       ?First@memMemoryAllocator@@0PAV1@A 006B46AC
 0003:000F26BC       ?SAILBOAT@@3PAVgizSailboatMgr@@A 006B46BC
 0003:000F2740       ?Instance@pedRagdollMgr@@2PAV1@A 006B4740
 0003:000F2778       Filename                   006B4778
 0003:000F2890       __osver                    006B4890
 0003:000F2894       _winver                    006B4894
 0003:000F2898       __winmajor                 006B4898
 0003:000F289C       __winminor                 006B489C
 0003:000F28A0       ___argc                    006B48A0
 0003:000F28A4       ___argv                    006B48A4
 0003:000F2900       lpFindFileData             006B4900
 0003:000F2904       hFindFile                  006B4904
 0003:000F2920       lp                         006B4920
 0003:000F2968       TimeZoneInformation        006B4968
 0003:000F2A64       Locale                     006B4A64
 0003:000F2A74       CodePage                   006B4A74
 0003:000F2AC4       lpTopLevelExceptionFilter  006B4AC4
 0003:000F2B78       blendSet                   006B4B78
 0003:000F2B9C       ltGlowTexture              006B4B9C
 0003:000F2BA8       numActiveLights            006B4BA8
 0003:000F2BC4       gfxViewportThing1          006B4BC4
 0003:000F2BCC       gfxTextureRT               006B4BCC
 0003:000F2BD0       gfxViewportThing2          006B4BD0
 0003:000F2BEC       ?_fCableCarUpdate@@3MA     006B4BEC
 0003:000F2C24       ?audDebug@@3HA             006B4C24
 0003:000F2C2C       ?DSGlobalPtr@@3PAVDirSnd@@A 006B4C2C
 0003:000F2C38       ___sbh_sizeHeaderList      006B4C38
 0003:000F2C3C       ___sbh_indGroupDefer       006B4C3C
 0003:000F2C40       ___sbh_pHeaderScan         006B4C40
 0003:000F2C44       ___sbh_pHeaderDefer        006B4C44
 0003:000F2C48       ___sbh_cntHeaderList       006B4C48
 0003:000F2C4C       ___sbh_pHeaderList         006B4C4C
 0003:000F2C50       __crtheap                  006B4C50
 0003:000F2D60       uNumber                    006B4D60
 0003:000F2F84       ___mblcid                  006B4F84
 0003:000F2FA0       __bufin                    006B4FA0
 0003:000F3FA0       __nstream                  006B5FA0
 0003:000F3FA4       __acmdln                   006B5FA4
 0003:000F3FA8       ___env_initialized         006B5FA8
 0003:000F3FAC       ___mbctype_initialized     006B5FAC
 0003:000F3FB0       ___onexitend               006B5FB0
 0003:000F3FB4       ___onexitbegin             006B5FB4

 entry point at 0001
